Component: ARM Compiler 5.06 update 1 (build 61) Tool: armlink [4d35a8]

==============================================================================

Section Cross References

    startup_stm32f105xc.o(STACK) refers (Special) to heapauxi.o(.text) for __use_two_region_memory
    startup_stm32f105xc.o(HEAP) refers (Special) to heapauxi.o(.text) for __use_two_region_memory
    startup_stm32f105xc.o(RESET) refers (Special) to heapauxi.o(.text) for __use_two_region_memory
    startup_stm32f105xc.o(RESET) refers to startup_stm32f105xc.o(STACK) for __initial_sp
    startup_stm32f105xc.o(RESET) refers to startup_stm32f105xc.o(.text) for Reset_Handler
    startup_stm32f105xc.o(RESET) refers to stm32f1xx_it.o(i.NMI_Handler) for NMI_Handler
    startup_stm32f105xc.o(RESET) refers to stm32f1xx_it.o(i.HardFault_Handler) for HardFault_Handler
    startup_stm32f105xc.o(RESET) refers to stm32f1xx_it.o(i.MemManage_Handler) for MemManage_Handler
    startup_stm32f105xc.o(RESET) refers to stm32f1xx_it.o(i.BusFault_Handler) for BusFault_Handler
    startup_stm32f105xc.o(RESET) refers to stm32f1xx_it.o(i.UsageFault_Handler) for UsageFault_Handler
    startup_stm32f105xc.o(RESET) refers to stm32f1xx_it.o(i.SVC_Handler) for SVC_Handler
    startup_stm32f105xc.o(RESET) refers to stm32f1xx_it.o(i.DebugMon_Handler) for DebugMon_Handler
    startup_stm32f105xc.o(RESET) refers to stm32f1xx_it.o(i.PendSV_Handler) for PendSV_Handler
    startup_stm32f105xc.o(RESET) refers to stm32f1xx_it.o(i.SysTick_Handler) for SysTick_Handler
    startup_stm32f105xc.o(RESET) refers to stm32f1xx_it.o(i.TIM2_IRQHandler) for TIM2_IRQHandler
    startup_stm32f105xc.o(RESET) refers to stm32f1xx_it.o(i.TIM3_IRQHandler) for TIM3_IRQHandler
    startup_stm32f105xc.o(RESET) refers to stm32f1xx_it.o(i.TIM5_IRQHandler) for TIM5_IRQHandler
    startup_stm32f105xc.o(RESET) refers to stm32f1xx_it.o(i.SPI3_IRQHandler) for SPI3_IRQHandler
    startup_stm32f105xc.o(RESET) refers to stm32f1xx_it.o(i.TIM6_IRQHandler) for TIM6_IRQHandler
    startup_stm32f105xc.o(RESET) refers to stm32f1xx_it.o(i.TIM7_IRQHandler) for TIM7_IRQHandler
    startup_stm32f105xc.o(RESET) refers to stm32f1xx_it.o(i.OTG_FS_IRQHandler) for OTG_FS_IRQHandler
    startup_stm32f105xc.o(.text) refers (Special) to heapauxi.o(.text) for __use_two_region_memory
    startup_stm32f105xc.o(.text) refers to system_stm32f1xx.o(i.SystemInit) for SystemInit
    startup_stm32f105xc.o(.text) refers to __main.o(!!!main) for __main
    startup_stm32f105xc.o(.text) refers to startup_stm32f105xc.o(HEAP) for Heap_Mem
    startup_stm32f105xc.o(.text) refers to startup_stm32f105xc.o(STACK) for Stack_Mem
    main.o(i.MX_GPIO_Init) refers to stm32f1xx_hal_gpio.o(i.HAL_GPIO_WritePin) for HAL_GPIO_WritePin
    main.o(i.MX_GPIO_Init) refers to stm32f1xx_hal_gpio.o(i.HAL_GPIO_Init) for HAL_GPIO_Init
    main.o(i.MX_SPI3_Init) refers to stm32f1xx_hal_spi.o(i.HAL_SPI_Init) for HAL_SPI_Init
    main.o(i.MX_SPI3_Init) refers to main.o(.bss) for .bss
    main.o(i.MX_TIM2_Init) refers to stm32f1xx_hal_tim.o(i.HAL_TIM_Base_Init) for HAL_TIM_Base_Init
    main.o(i.MX_TIM2_Init) refers to stm32f1xx_hal_tim.o(i.HAL_TIM_ConfigClockSource) for HAL_TIM_ConfigClockSource
    main.o(i.MX_TIM2_Init) refers to stm32f1xx_hal_tim_ex.o(i.HAL_TIMEx_MasterConfigSynchronization) for HAL_TIMEx_MasterConfigSynchronization
    main.o(i.MX_TIM2_Init) refers to main.o(.bss) for .bss
    main.o(i.MX_TIM3_Init) refers to stm32f1xx_hal_tim.o(i.HAL_TIM_Base_Init) for HAL_TIM_Base_Init
    main.o(i.MX_TIM3_Init) refers to stm32f1xx_hal_tim.o(i.HAL_TIM_ConfigClockSource) for HAL_TIM_ConfigClockSource
    main.o(i.MX_TIM3_Init) refers to stm32f1xx_hal_tim_ex.o(i.HAL_TIMEx_MasterConfigSynchronization) for HAL_TIMEx_MasterConfigSynchronization
    main.o(i.MX_TIM3_Init) refers to main.o(.bss) for .bss
    main.o(i.MX_TIM5_Init) refers to stm32f1xx_hal_tim.o(i.HAL_TIM_Base_Init) for HAL_TIM_Base_Init
    main.o(i.MX_TIM5_Init) refers to stm32f1xx_hal_tim.o(i.HAL_TIM_ConfigClockSource) for HAL_TIM_ConfigClockSource
    main.o(i.MX_TIM5_Init) refers to stm32f1xx_hal_tim_ex.o(i.HAL_TIMEx_MasterConfigSynchronization) for HAL_TIMEx_MasterConfigSynchronization
    main.o(i.MX_TIM5_Init) refers to main.o(.bss) for .bss
    main.o(i.Move) refers to dflt_clz.o(x$fpl$dfltu) for __aeabi_ui2d
    main.o(i.Move) refers to ddiv.o(x$fpl$ddiv) for __aeabi_ddiv
    main.o(i.Move) refers to dfixu.o(x$fpl$dfixu) for __aeabi_d2uiz
    main.o(i.Move) refers to stm32f1xx_hal_tim.o(i.HAL_TIM_Base_Stop_IT) for HAL_TIM_Base_Stop_IT
    main.o(i.Move) refers to main.o(i.MX_TIM5_Init) for MX_TIM5_Init
    main.o(i.Move) refers to stm32f1xx_hal_tim.o(i.HAL_TIM_Base_Start_IT) for HAL_TIM_Base_Start_IT
    main.o(i.Move) refers to main.o(.data) for .data
    main.o(i.Move) refers to main.o(.bss) for .bss
    main.o(i.RecieveData_Usb) refers to stm32f1xx_hal.o(i.HAL_Delay) for HAL_Delay
    main.o(i.RecieveData_Usb) refers to strlen.o(.text) for strlen
[...]
    __sigvec_lookup                           - Undefined Weak Reference
    _atexit_init                              - Undefined Weak Reference
    _call_atexit_fns                          - Undefined Weak Reference
    _clock_init                               - Undefined Weak Reference
    _fp_trap_init                             - Undefined Weak Reference
    _fp_trap_shutdown                         - Undefined Weak Reference
    _get_lc_collate                           - Undefined Weak Reference
    _get_lc_monetary                          - Undefined Weak Reference
    _get_lc_numeric                           - Undefined Weak Reference
    _get_lc_time                              - Undefined Weak Reference
    _getenv_init                              - Undefined Weak Reference
    _handle_redirection                       - Undefined Weak Reference
    _init_alloc                               - Undefined Weak Reference
    _init_user_alloc                          - Undefined Weak Reference
    _initio                                   - Undefined Weak Reference
    _rand_init                                - Undefined Weak Reference
    _signal_finish                            - Undefined Weak Reference
    _signal_init                              - Undefined Weak Reference
    _terminate_alloc                          - Undefined Weak Reference
    _terminate_user_alloc                     - Undefined Weak Reference
    _terminateio                              - Undefined Weak Reference
    __Vectors_Size                           0x00000150   Number         0  startup_stm32f105xc.o ABSOLUTE
    __Vectors                                0x08000000   Data           4  startup_stm32f105xc.o(RESET)
    __Vectors_End                            0x08000150   Data           0  startup_stm32f105xc.o(RESET)
    __main                                   0x08000151   Thumb Code     8  __main.o(!!!main)
    __scatterload                            0x08000159   Thumb Code     0  __scatter.o(!!!scatter)
    __scatterload_rt2                        0x08000159   Thumb Code    44  __scatter.o(!!!scatter)
    __scatterload_rt2_thumb_only             0x08000159   Thumb Code     0  __scatter.o(!!!scatter)
    __scatterload_null                       0x08000167   Thumb Code     0  __scatter.o(!!!scatter)
    __decompress                             0x0800018d   Thumb Code    90  __dczerorl2.o(!!dczerorl2)
    __decompress1                            0x0800018d   Thumb Code     0  __dczerorl2.o(!!dczerorl2)
    __scatterload_zeroinit                   0x080001e9   Thumb Code    28  __scatter_zi.o(!!handler_zi)
    __rt_lib_init                            0x08000205   Thumb Code     0  libinit.o(.ARM.Collect$$libinit$$00000000)
    __rt_lib_init_fp_1                       0x08000207   Thumb Code     0  libinit2.o(.ARM.Collect$$libinit$$00000002)
    __rt_lib_init_heap_1                     0x08000207   Thumb Code     0  libinit2.o(.ARM.Collect$$libinit$$0000000A)
    __rt_lib_init_lc_common                  0x08000207   Thumb Code     0  libinit2.o(.ARM.Collect$$libinit$$0000000F)
    __rt_lib_init_preinit_1                  0x08000207   Thumb Code     0  libinit2.o(.ARM.Collect$$libinit$$00000004)
    __rt_lib_init_rand_1                     0x08000207   Thumb Code     0  libinit2.o(.ARM.Collect$$libinit$$0000000E)
    __rt_lib_init_user_alloc_1               0x08000207   Thumb Code     0  libinit2.o(.ARM.Collect$$libinit$$0000000C)
    __rt_lib_init_lc_collate_1               0x0800020d   Thumb Code     0  libinit2.o(.ARM.Collect$$libinit$$00000011)
    __rt_lib_init_lc_ctype_2                 0x0800020d   Thumb Code     0  libinit2.o(.ARM.Collect$$libinit$$00000012)
    __rt_lib_init_alloca_1                   0x08000219   Thumb Code     0  libinit2.o(.ARM.Collect$$libinit$$0000002E)
    __rt_lib_init_argv_1                     0x08000219   Thumb Code     0  libinit2.o(.ARM.Collect$$libinit$$0000002C)
    __rt_lib_init_atexit_1                   0x08000219   Thumb Code     0  libinit2.o(.ARM.Collect$$libinit$$0000001B)
    __rt_lib_init_clock_1                    0x08000219   Thumb Code     0  libinit2.o(.ARM.Collect$$libinit$$00000021)
    __rt_lib_init_cpp_1                      0x08000219   Thumb Code     0  libinit2.o(.ARM.Collect$$libinit$$00000032)
    __rt_lib_init_exceptions_1               0x08000219   Thumb Code     0  libinit2.o(.ARM.Collect$$libinit$$00000030)
    __rt_lib_init_fp_trap_1                  0x08000219   Thumb Code     0  libinit2.o(.ARM.Collect$$libinit$$0000001F)
    __rt_lib_init_getenv_1                   0x08000219   Thumb Code     0  libinit2.o(.ARM.Collect$$libinit$$00000023)
    __rt_lib_init_lc_ctype_1                 0x08000219   Thumb Code     0  libinit2.o(.ARM.Collect$$libinit$$00000013)
    __rt_lib_init_lc_monetary_1              0x08000219   Thumb Code     0  libinit2.o(.ARM.Collect$$libinit$$00000015)
    __rt_lib_init_lc_numeric_1               0x08000219   Thumb Code     0  libinit2.o(.ARM.Collect$$libinit$$00000017)
    __rt_lib_init_lc_time_1                  0x08000219   Thumb Code     0  libinit2.o(.ARM.Collect$$libinit$$00000019)
    __rt_lib_init_return                     0x08000219   Thumb Code     0  libinit2.o(.ARM.Collect$$libinit$$00000033)
    __rt_lib_init_signal_1                   0x08000219   Thumb Code     0  libinit2.o(.ARM.Collect$$libinit$$0000001D)
    __rt_lib_init_stdio_1                    0x08000219   Thumb Code     0  libinit2.o(.ARM.Collect$$libinit$$00000025)
    __rt_lib_shutdown                        0x0800021b   Thumb Code     0  libshutdown.o(.ARM.Collect$$libshutdown$$00000000)
    __rt_lib_shutdown_cpp_1                  0x0800021d   Thumb Code     0  libshutdown2.o(.ARM.Collect$$libshutdown$$00000002)
    __rt_lib_shutdown_fp_trap_1              0x0800021d   Thumb Code     0  libshutdown2.o(.ARM.Collect$$libshutdown$$00000007)
    __rt_lib_shutdown_heap_1                 0x0800021d   Thumb Code     0  libshutdown2.o(.ARM.Collect$$libshutdown$$0000000F)
    __rt_lib_shutdown_return                 0x0800021d   Thumb Code     0  libshutdown2.o(.ARM.Collect$$libshutdown$$00000010)
    __rt_lib_shutdown_signal_1               0x0800021d   Thumb Code     0  libshutdown2.o(.ARM.Collect$$libshutdown$$0000000A)
    __rt_lib_shutdown_stdio_1                0x0800021d   Thumb Code     0  libshutdown2.o(.ARM.Collect$$libshutdown$$00000004)
    __rt_lib_shutdown_user_alloc_1           0x0800021d   Thumb Code     0  libshutdown2.o(.ARM.Collect$$libshutdown$$0000000C)
    __rt_entry                               0x0800021f   Thumb Code     0  __rtentry.o(.ARM.Collect$$rtentry$$00000000)
    __rt_entry_presh_1                       0x0800021f   Thumb Code     0  __rtentry2.o(.ARM.Collect$$rtentry$$00000002)
    __rt_entry_sh                            0x0800021f   Thumb Code     0  __rtentry4.o(.ARM.Collect$$rtentry$$00000004)
    __rt_entry_li                            0x08000225   Thumb Code     0  __rtentry2.o(.ARM.Collect$$rtentry$$0000000A)
    __rt_entry_postsh_1                      0x08000225   Thumb Code     0  __rtentry2.o(.ARM.Collect$$rtentry$$00000009)
    __rt_entry_main                          0x08000229   Thumb Code     0  __rtentry2.o(.ARM.Collect$$rtentry$$0000000D)
    __rt_entry_postli_1                      0x08000229   Thumb Code     0  __rtentry2.o(.ARM.Collect$$rtentry$$0000000C)
    __rt_exit                                0x08000231   Thumb Code     0  rtexit.o(.ARM.Collect$$rtexit$$00000000)
    __rt_exit_ls                             0x08000233   Thumb Code     0  rtexit2.o(.ARM.Collect$$rtexit$$00000003)
    __rt_exit_prels_1                        0x08000233   Thumb Code     0  rtexit2.o(.ARM.Collect$$rtexit$$00000002)
    __rt_exit_exit                           0x08000237   Thumb Code     0  rtexit2.o(.ARM.Collect$$rtexit$$00000004)
    Reset_Handler                            0x0800023d   Thumb Code     8  startup_stm32f105xc.o(.text)
    ADC1_2_IRQHandler                        0x08000257   Thumb Code     0  startup_stm32f105xc.o(.text)
    CAN1_RX0_IRQHandler                      0x08000257   Thumb Code     0  startup_stm32f105xc.o(.text)
    CAN1_RX1_IRQHandler                      0x08000257   Thumb Code     0  startup_stm32f105xc.o(.text)
    CAN1_SCE_IRQHandler                      0x08000257   Thumb Code     0  startup_stm32f105xc.o(.text)
    CAN1_TX_IRQHandler                       0x08000257   Thumb Code     0  startup_stm32f105xc.o(.text)
    CAN2_RX0_IRQHandler                      0x08000257   Thumb Code     0  startup_stm32f105xc.o(.text)
    CAN2_RX1_IRQHandler                      0x08000257   Thumb Code     0  startup_stm32f105xc.o(.text)
    CAN2_SCE_IRQHandler                      0x08000257   Thumb Code     0  startup_stm32f105xc.o(.text)
    CAN2_TX_IRQHandler                       0x08000257   Thumb Code     0  startup_stm32f105xc.o(.text)
    DMA1_Channel1_IRQHandler                 0x08000257   Thumb Code     0  startup_stm32f105xc.o(.text)
    DMA1_Channel2_IRQHandler                 0x08000257   Thumb Code     0  startup_stm32f105xc.o(.text)
    DMA1_Channel3_IRQHandler                 0x08000257   Thumb Code     0  startup_stm32f105xc.o(.text)
    DMA1_Channel4_IRQHandler                 0x08000257   Thumb Code     0  startup_stm32f105xc.o(.text)
    DMA1_Channel5_IRQHandler                 0x08000257   Thumb Code     0  startup_stm32f105xc.o(.text)
    DMA1_Channel6_IRQHandler                 0x08000257   Thumb Code     0  startup_stm32f105xc.o(.text)
    DMA1_Channel7_IRQHandler                 0x08000257   Thumb Code     0  startup_stm32f105xc.o(.text)
    DMA2_Channel1_IRQHandler                 0x08000257   Thumb Code     0  startup_stm32f105xc.o(.text)
    DMA2_Channel2_IRQHandler                 0x08000257   Thumb Code     0  startup_stm32f105xc.o(.text)
    DMA2_Channel3_IRQHandler                 0x08000257   Thumb Code     0  startup_stm32f105xc.o(.text)
    DMA2_Channel4_IRQHandler                 0x08000257   Thumb Code     0  startup_stm32f105xc.o(.text)
    DMA2_Channel5_IRQHandler                 0x08000257   Thumb Code     0  startup_stm32f105xc.o(.text)
    EXTI0_IRQHandler                         0x08000257   Thumb Code     0  startup_stm32f105xc.o(.text)
    EXTI15_10_IRQHandler                     0x08000257   Thumb Code     0  startup_stm32f105xc.o(.text)
    EXTI1_IRQHandler                         0x08000257   Thumb Code     0  startup_stm32f105xc.o(.text)
    EXTI2_IRQHandler                         0x08000257   Thumb Code     0  startup_stm32f105xc.o(.text)
    EXTI3_IRQHandler                         0x08000257   Thumb Code     0  startup_stm32f105xc.o(.text)
    EXTI4_IRQHandler                         0x08000257   Thumb Code     0  startup_stm32f105xc.o(.text)
    EXTI9_5_IRQHandler                       0x08000257   Thumb Code     0  startup_stm32f105xc.o(.text)
    FLASH_IRQHandler                         0x08000257   Thumb Code     0  startup_stm32f105xc.o(.text)
    I2C1_ER_IRQHandler                       0x08000257   Thumb Code     0  startup_stm32f105xc.o(.text)
    I2C1_EV_IRQHandler                       0x08000257   Thumb Code     0  startup_stm32f105xc.o(.text)
    I2C2_ER_IRQHandler                       0x08000257   Thumb Code     0  startup_stm32f105xc.o(.text)
    I2C2_EV_IRQHandler                       0x08000257   Thumb Code     0  startup_stm32f105xc.o(.text)
    OTG_FS_WKUP_IRQHandler                   0x08000257   Thumb Code     0  startup_stm32f105xc.o(.text)
    PVD_IRQHandler                           0x08000257   Thumb Code     0  startup_stm32f105xc.o(.text)
    RCC_IRQHandler                           0x08000257   Thumb Code     0  startup_stm32f105xc.o(.text)
    RTC_Alarm_IRQHandler                     0x08000257   Thumb Code     0  startup_stm32f105xc.o(.text)
    RTC_IRQHandler                           0x08000257   Thumb Code     0  startup_stm32f105xc.o(.text)
    SPI1_IRQHandler                          0x08000257   Thumb Code     0  startup_stm32f105xc.o(.text)
    SPI2_IRQHandler                          0x08000257   Thumb Code     0  startup_stm32f105xc.o(.text)
    TAMPER_IRQHandler                        0x08000257   Thumb Code     0  startup_stm32f105xc.o(.text)
    TIM1_BRK_IRQHandler                      0x08000257   Thumb Code     0  startup_stm32f105xc.o(.text)
    TIM1_CC_IRQHandler                       0x08000257   Thumb Code     0  startup_stm32f105xc.o(.text)
    TIM1_TRG_COM_IRQHandler                  0x08000257   Thumb Code     0  startup_stm32f105xc.o(.text)
    TIM1_UP_IRQHandler                       0x08000257   Thumb Code     0  startup_stm32f105xc.o(.text)
    TIM4_IRQHandler                          0x08000257   Thumb Code     0  startup_stm32f105xc.o(.text)
    UART4_IRQHandler                         0x08000257   Thumb Code     0  startup_stm32f105xc.o(.text)
    UART5_IRQHandler                         0x08000257   Thumb Code     0  startup_stm32f105xc.o(.text)
    USART1_IRQHandler                        0x08000257   Thumb Code     0  startup_stm32f105xc.o(.text)
    USART2_IRQHandler                        0x08000257   Thumb Code     0  startup_stm32f105xc.o(.text)
    USART3_IRQHandler                        0x08000257   Thumb Code     0  startup_stm32f105xc.o(.text)
    WWDG_IRQHandler                          0x08000257   Thumb Code     0  startup_stm32f105xc.o(.text)
    __user_initial_stackheap                 0x08000259   Thumb Code     0  startup_stm32f105xc.o(.text)
    __aeabi_uldivmod                         0x0800027d   Thumb Code     0  lludivv7m.o(.text)
    _ll_udiv                                 0x0800027d   Thumb Code   238  lludivv7m.o(.text)
    atoi                                     0x0800036b   Thumb Code    26  atoi.o(.text)
    strlen                                   0x08000385   Thumb Code    62  strlen.o(.text)
    __aeabi_memcpy4                          0x080003c3   Thumb Code     0  rt_memcpy_w.o(.text)
    __aeabi_memcpy8                          0x080003c3   Thumb Code     0  rt_memcpy_w.o(.text)
    __rt_memcpy_w                            0x080003c3   Thumb Code   100  rt_memcpy_w.o(.text)
    _memcpy_lastbytes_aligned                0x0800040b   Thumb Code     0  rt_memcpy_w.o(.text)
    __aeabi_memclr4                          0x08000427   Thumb Code     0  rt_memclr_w.o(.text)
    __aeabi_memclr8                          0x08000427   Thumb Code     0  rt_memclr_w.o(.text)
    __rt_memclr_w                            0x08000427   Thumb Code    78  rt_memclr_w.o(.text)
    _memset_w                                0x0800042b   Thumb Code     0  rt_memclr_w.o(.text)
    strncpy                                  0x08000475   Thumb Code    86  strncpy.o(.text)
    __use_two_region_memory                  0x080004cb   Thumb Code     2  heapauxi.o(.text)
    __rt_heap_escrow$2region                 0x080004cd   Thumb Code     2  heapauxi.o(.text)
    __rt_heap_expand$2region                 0x080004cf   Thumb Code     2  heapauxi.o(.text)
    __aeabi_errno_addr                       0x080004d1   Thumb Code     8  rt_errno_addr_intlibspace.o(.text)
    __errno$intlibspace                      0x080004d1   Thumb Code     0  rt_errno_addr_intlibspace.o(.text)
    __rt_errno_addr$intlibspace              0x080004d1   Thumb Code     0  rt_errno_addr_intlibspace.o(.text)
    strtol                                   0x080004d9   Thumb Code   112  strtol.o(.text)
    __aeabi_memclr                           0x08000549   Thumb Code     0  rt_memclr.o(.text)
    __rt_memclr                              0x08000549   Thumb Code    68  rt_memclr.o(.text)
    _memset                                  0x0800054d   Thumb Code     0  rt_memclr.o(.text)
    __user_libspace                          0x0800058d   Thumb Code     8  libspace.o(.text)
    __user_perproc_libspace                  0x0800058d   Thumb Code     0  libspace.o(.text)
    __user_perthread_libspace                0x0800058d   Thumb Code     0  libspace.o(.text)
    __rt_ctype_table                         0x08000595   Thumb Code    16  rt_ctype_table.o(.text)
    _strtoul                                 0x080005a5   Thumb Code   158  _strtoul.o(.text)
    __user_setup_stackheap                   0x08000643   Thumb Code    74  sys_stackheap_outer.o(.text)
    __rt_locale                              0x0800068d   Thumb Code     8  rt_locale_intlibspace.o(.text)
    _chval                                   0x08000695   Thumb Code    28  _chval.o(.text)
    exit                                     0x080006b1   Thumb Code    18  exit.o(.text)
    strcmp                                   0x080006c5   Thumb Code   128  strcmpv7m.o(.text)
    _sys_exit                                0x08000745   Thumb Code     8  sys_exit.o(.text)
    __I$use$semihosting                      0x08000751   Thumb Code     0  use_no_semi.o(.text)
    __use_no_semihosting_swi                 0x08000751   Thumb Code     2  use_no_semi.o(.text)
    BusFault_Handler                         0x08000753   Thumb Code     2  stm32f1xx_it.o(i.BusFault_Handler)
    __semihosting_library_function           0x08000753   Thumb Code     0  indicate_semi.o(.text)
    CDC_Transmit_FS                          0x080007c9   Thumb Code    38  usbd_cdc_if.o(i.CDC_Transmit_FS)
    DebugMon_Handler                         0x080007f5   Thumb Code     2  stm32f1xx_it.o(i.DebugMon_Handler)
    Error_Handler                            0x080007f7   Thumb Code     4  main.o(i.Error_Handler)
    HAL_DMA_Abort_IT                         0x080007fd   Thumb Code   296  stm32f1xx_hal_dma.o(i.HAL_DMA_Abort_IT)
    HAL_Delay                                0x0800092d   Thumb Code    32  stm32f1xx_hal.o(i.HAL_Delay)
    HAL_GPIO_Init                            0x08000951   Thumb Code   446  stm32f1xx_hal_gpio.o(i.HAL_GPIO_Init)
    HAL_GPIO_ReadPin                         0x08000b31   Thumb Code    10  stm32f1xx_hal_gpio.o(i.HAL_GPIO_ReadPin)
    HAL_GPIO_TogglePin                       0x08000b3b   Thumb Code    16  stm32f1xx_hal_gpio.o(i.HAL_GPIO_TogglePin)
    HAL_GPIO_WritePin                        0x08000b4b   Thumb Code    10  stm32f1xx_hal_gpio.o(i.HAL_GPIO_WritePin)
    HAL_GetTick                              0x08000b55   Thumb Code     6  stm32f1xx_hal.o(i.HAL_GetTick)
    HAL_IncTick                              0x08000b61   Thumb Code    12  stm32f1xx_hal.o(i.HAL_IncTick)
    HAL_Init                                 0x08000b71   Thumb Code    32  stm32f1xx_hal.o(i.HAL_Init)
    HAL_InitTick                             0x08000b95   Thumb Code    54  stm32f1xx_hal.o(i.HAL_InitTick)
    HAL_MspInit                              0x08000bd5   Thumb Code    38  stm32f1xx_hal_msp.o(i.HAL_MspInit)
    HAL_NVIC_EnableIRQ                       0x08000c01   Thumb Code    26  stm32f1xx_hal_cortex.o(i.HAL_NVIC_EnableIRQ)
    HAL_NVIC_SetPriority                     0x08000c1d   Thumb Code    60  stm32f1xx_hal_cortex.o(i.HAL_NVIC_SetPriority)
    HAL_NVIC_SetPriorityGrouping             0x08000c5d   Thumb Code    26  stm32f1xx_hal_cortex.o(i.HAL_NVIC_SetPriorityGrouping)
    HAL_PCDEx_SetRxFiFo                      0x08000c81   Thumb Code     8  stm32f1xx_hal_pcd_ex.o(i.HAL_PCDEx_SetRxFiFo)
    HAL_PCDEx_SetTxFiFo                      0x08000c89   Thumb Code    68  stm32f1xx_hal_pcd_ex.o(i.HAL_PCDEx_SetTxFiFo)
    HAL_PCD_ConnectCallback                  0x08000ccd   Thumb Code     8  usbd_conf.o(i.HAL_PCD_ConnectCallback)
    HAL_PCD_DataInStageCallback              0x08000cd5   Thumb Code    18  usbd_conf.o(i.HAL_PCD_DataInStageCallback)
    HAL_PCD_DataOutStageCallback             0x08000ce7   Thumb Code    20  usbd_conf.o(i.HAL_PCD_DataOutStageCallback)
    HAL_PCD_DisconnectCallback               0x08000cfb   Thumb Code     8  usbd_conf.o(i.HAL_PCD_DisconnectCallback)
    HAL_PCD_EP_Abort                         0x08000d03   Thumb Code    30  stm32f1xx_hal_pcd.o(i.HAL_PCD_EP_Abort)
    HAL_PCD_EP_Close                         0x08000d21   Thumb Code    76  stm32f1xx_hal_pcd.o(i.HAL_PCD_EP_Close)
    HAL_PCD_EP_ClrStall                      0x08000d6d   Thumb Code    92  stm32f1xx_hal_pcd.o(i.HAL_PCD_EP_ClrStall)
    HAL_PCD_EP_GetRxCount                    0x08000dc9   Thumb Code    18  stm32f1xx_hal_pcd.o(i.HAL_PCD_EP_GetRxCount)
    HAL_PCD_EP_Open                          0x08000ddb   Thumb Code    96  stm32f1xx_hal_pcd.o(i.HAL_PCD_EP_Open)
    HAL_PCD_EP_Receive                       0x08000e3b   Thumb Code    46  stm32f1xx_hal_pcd.o(i.HAL_PCD_EP_Receive)
    HAL_PCD_EP_SetStall                      0x08000e69   Thumb Code   114  stm32f1xx_hal_pcd.o(i.HAL_PCD_EP_SetStall)
    HAL_PCD_EP_Transmit                      0x08000edb   Thumb Code    42  stm32f1xx_hal_pcd.o(i.HAL_PCD_EP_Transmit)
    HAL_PCD_IRQHandler                       0x08000f05   Thumb Code  1340  stm32f1xx_hal_pcd.o(i.HAL_PCD_IRQHandler)
    HAL_PCD_ISOINIncompleteCallback          0x08001441   Thumb Code     8  usbd_conf.o(i.HAL_PCD_ISOINIncompleteCallback)
    HAL_PCD_ISOOUTIncompleteCallback         0x08001449   Thumb Code     8  usbd_conf.o(i.HAL_PCD_ISOOUTIncompleteCallback)
    HAL_PCD_Init                             0x08001451   Thumb Code   226  stm32f1xx_hal_pcd.o(i.HAL_PCD_Init)
    HAL_PCD_MspInit                          0x08001535   Thumb Code    50  usbd_conf.o(i.HAL_PCD_MspInit)
    HAL_PCD_ResetCallback                    0x0800156d   Thumb Code    38  usbd_conf.o(i.HAL_PCD_ResetCallback)
    HAL_PCD_ResumeCallback                   0x08001593   Thumb Code     8  usbd_conf.o(i.HAL_PCD_ResumeCallback)
    HAL_PCD_SOFCallback                      0x0800159b   Thumb Code     8  usbd_conf.o(i.HAL_PCD_SOFCallback)
    HAL_PCD_SetAddress                       0x080015a3   Thumb Code    40  stm32f1xx_hal_pcd.o(i.HAL_PCD_SetAddress)
    HAL_PCD_SetupStageCallback               0x080015cb   Thumb Code    14  usbd_conf.o(i.HAL_PCD_SetupStageCallback)
    HAL_PCD_Start                            0x080015d9   Thumb Code    42  stm32f1xx_hal_pcd.o(i.HAL_PCD_Start)
    HAL_PCD_SuspendCallback                  0x08001605   Thumb Code    44  usbd_conf.o(i.HAL_PCD_SuspendCallback)
    HAL_RCCEx_PeriphCLKConfig                0x08001635   Thumb Code   374  stm32f1xx_hal_rcc_ex.o(i.HAL_RCCEx_PeriphCLKConfig)
    HAL_RCC_ClockConfig                      0x080017bd   Thumb Code   280  stm32f1xx_hal_rcc.o(i.HAL_RCC_ClockConfig)
    HAL_RCC_GetHCLKFreq                      0x080018e9   Thumb Code     6  stm32f1xx_hal_rcc.o(i.HAL_RCC_GetHCLKFreq)
    HAL_RCC_GetSysClockFreq                  0x080018f5   Thumb Code   122  stm32f1xx_hal_rcc.o(i.HAL_RCC_GetSysClockFreq)
    HAL_RCC_OscConfig                        0x08001981   Thumb Code   974  stm32f1xx_hal_rcc.o(i.HAL_RCC_OscConfig)
    HAL_SPI_ErrorCallback                    0x08001d65   Thumb Code     2  stm32f1xx_hal_spi.o(i.HAL_SPI_ErrorCallback)
    HAL_SPI_IRQHandler                       0x08001d69   Thumb Code   220  stm32f1xx_hal_spi.o(i.HAL_SPI_IRQHandler)
    HAL_SPI_Init                             0x08001e49   Thumb Code   178  stm32f1xx_hal_spi.o(i.HAL_SPI_Init)
    HAL_SPI_MspInit                          0x08001efd   Thumb Code   126  stm32f1xx_hal_msp.o(i.HAL_SPI_MspInit)
    HAL_SPI_Receive                          0x08001f8d   Thumb Code   342  stm32f1xx_hal_spi.o(i.HAL_SPI_Receive)
    HAL_SPI_TransmitReceive                  0x080020e3   Thumb Code   494  stm32f1xx_hal_spi.o(i.HAL_SPI_TransmitReceive)
    HAL_SYSTICK_Config                       0x080022d1   Thumb Code    40  stm32f1xx_hal_cortex.o(i.HAL_SYSTICK_Config)
    HAL_TIMEx_BreakCallback                  0x080022f9   Thumb Code     2  stm32f1xx_hal_tim_ex.o(i.HAL_TIMEx_BreakCallback)
    HAL_TIMEx_CommutCallback                 0x080022fb   Thumb Code     2  stm32f1xx_hal_tim_ex.o(i.HAL_TIMEx_CommutCallback)
    HAL_TIMEx_MasterConfigSynchronization    0x080022fd   Thumb Code    98  stm32f1xx_hal_tim_ex.o(i.HAL_TIMEx_MasterConfigSynchronization)
    HAL_TIM_Base_Init                        0x08002371   Thumb Code    90  stm32f1xx_hal_tim.o(i.HAL_TIM_Base_Init)
    HAL_TIM_Base_MspInit                     0x080023cd   Thumb Code   194  stm32f1xx_hal_msp.o(i.HAL_TIM_Base_MspInit)
    HAL_TIM_Base_Start_IT                    0x080024a5   Thumb Code    82  stm32f1xx_hal_tim.o(i.HAL_TIM_Base_Start_IT)
    HAL_TIM_Base_Stop_IT                     0x08002509   Thumb Code    48  stm32f1xx_hal_tim.o(i.HAL_TIM_Base_Stop_IT)
    HAL_TIM_ConfigClockSource                0x08002539   Thumb Code   220  stm32f1xx_hal_tim.o(i.HAL_TIM_ConfigClockSource)
    HAL_TIM_IC_CaptureCallback               0x08002615   Thumb Code     2  stm32f1xx_hal_tim.o(i.HAL_TIM_IC_CaptureCallback)
    HAL_TIM_IRQHandler                       0x08002617   Thumb Code   358  stm32f1xx_hal_tim.o(i.HAL_TIM_IRQHandler)
    HAL_TIM_OC_DelayElapsedCallback          0x0800277d   Thumb Code     2  stm32f1xx_hal_tim.o(i.HAL_TIM_OC_DelayElapsedCallback)
    HAL_TIM_PWM_PulseFinishedCallback        0x0800277f   Thumb Code     2  stm32f1xx_hal_tim.o(i.HAL_TIM_PWM_PulseFinishedCallback)
    HAL_TIM_PeriodElapsedCallback            0x08002781   Thumb Code     2  stm32f1xx_hal_tim.o(i.HAL_TIM_PeriodElapsedCallback)
    HAL_TIM_TriggerCallback                  0x08002783   Thumb Code     2  stm32f1xx_hal_tim.o(i.HAL_TIM_TriggerCallback)
    HardFault_Handler                        0x08002785   Thumb Code     2  stm32f1xx_it.o(i.HardFault_Handler)
    MX_USB_DEVICE_Init                       0x08002a65   Thumb Code    66  usb_device.o(i.MX_USB_DEVICE_Init)
    MemManage_Handler                        0x08002ab9   Thumb Code     2  stm32f1xx_it.o(i.MemManage_Handler)
    Move                                     0x08002abd   Thumb Code   178  main.o(i.Move)
    NMI_Handler                              0x08002b85   Thumb Code     2  stm32f1xx_it.o(i.NMI_Handler)
    OTG_FS_IRQHandler                        0x08002b89   Thumb Code     6  stm32f1xx_it.o(i.OTG_FS_IRQHandler)
    PendSV_Handler                           0x08002c2d   Thumb Code     2  stm32f1xx_it.o(i.PendSV_Handler)
    RecieveData_Usb                          0x08002c31   Thumb Code   180  main.o(i.RecieveData_Usb)
    SPI3_IRQHandler                          0x08002ced   Thumb Code     6  stm32f1xx_it.o(i.SPI3_IRQHandler)
    SVC_Handler                              0x08002e3d   Thumb Code     2  stm32f1xx_it.o(i.SVC_Handler)
    SysTick_Handler                          0x08002e3f   Thumb Code     4  stm32f1xx_it.o(i.SysTick_Handler)
    SystemClock_Config                       0x08002e45   Thumb Code   126  main.o(i.SystemClock_Config)
    SystemInit                               0x08002ec9   Thumb Code     2  system_stm32f1xx.o(i.SystemInit)
    TIM2_IRQHandler                          0x08002ecd   Thumb Code   652  stm32f1xx_it.o(i.TIM2_IRQHandler)
    TIM3_IRQHandler                          0x08003199   Thumb Code   244  stm32f1xx_it.o(i.TIM3_IRQHandler)
    TIM5_IRQHandler                          0x080032bd   Thumb Code    22  stm32f1xx_it.o(i.TIM5_IRQHandler)
    TIM6_IRQHandler                          0x080032dd   Thumb Code   328  stm32f1xx_it.o(i.TIM6_IRQHandler)
    TIM7_IRQHandler                          0x08003465   Thumb Code   110  stm32f1xx_it.o(i.TIM7_IRQHandler)
    TIM_Base_SetConfig                       0x080034ed   Thumb Code   106  stm32f1xx_hal_tim.o(i.TIM_Base_SetConfig)
    TIM_ETR_SetConfig                        0x08003569   Thumb Code    20  stm32f1xx_hal_tim.o(i.TIM_ETR_SetConfig)
    Transmite_EncoderSpeed                   0x080035d5   Thumb Code   222  main.o(i.Transmite_EncoderSpeed)
    USBD_CDC_GetDeviceQualifierDescriptor    0x080037a1   Thumb Code     8  usbd_cdc.o(i.USBD_CDC_GetDeviceQualifierDescriptor)
    USBD_CDC_ReceivePacket                   0x08003865   Thumb Code    40  usbd_cdc.o(i.USBD_CDC_ReceivePacket)
    USBD_CDC_RegisterInterface               0x0800388d   Thumb Code    16  usbd_cdc.o(i.USBD_CDC_RegisterInterface)
    USBD_CDC_SetRxBuffer                     0x0800389d   Thumb Code    12  usbd_cdc.o(i.USBD_CDC_SetRxBuffer)
    USBD_CDC_SetTxBuffer                     0x080038a9   Thumb Code    16  usbd_cdc.o(i.USBD_CDC_SetTxBuffer)
    USBD_CDC_TransmitPacket                  0x08003965   Thumb Code    54  usbd_cdc.o(i.USBD_CDC_TransmitPacket)
    USBD_ClrClassConfig                      0x0800399b   Thumb Code    14  usbd_core.o(i.USBD_ClrClassConfig)
    USBD_CtlContinueRx                       0x080039a9   Thumb Code    16  usbd_ioreq.o(i.USBD_CtlContinueRx)
    USBD_CtlContinueSendData                 0x080039b9   Thumb Code    16  usbd_ioreq.o(i.USBD_CtlContinueSendData)
    USBD_CtlError                            0x080039c9   Thumb Code    22  usbd_ctlreq.o(i.USBD_CtlError)
    USBD_CtlPrepareRx                        0x080039df   Thumb Code    30  usbd_ioreq.o(i.USBD_CtlPrepareRx)
    USBD_CtlReceiveStatus                    0x080039fd   Thumb Code    22  usbd_ioreq.o(i.USBD_CtlReceiveStatus)
    USBD_CtlSendData                         0x08003a13   Thumb Code    26  usbd_ioreq.o(i.USBD_CtlSendData)
    USBD_CtlSendStatus                       0x08003a2d   Thumb Code    22  usbd_ioreq.o(i.USBD_CtlSendStatus)
    USBD_FS_ConfigStrDescriptor              0x08003a45   Thumb Code    16  usbd_desc.o(i.USBD_FS_ConfigStrDescriptor)
    USBD_FS_DeviceDescriptor                 0x08003a65   Thumb Code     8  usbd_desc.o(i.USBD_FS_DeviceDescriptor)
    USBD_FS_InterfaceStrDescriptor           0x08003a71   Thumb Code    16  usbd_desc.o(i.USBD_FS_InterfaceStrDescriptor)
    USBD_FS_LangIDStrDescriptor              0x08003a95   Thumb Code     8  usbd_desc.o(i.USBD_FS_LangIDStrDescriptor)
    USBD_FS_ManufacturerStrDescriptor        0x08003aa1   Thumb Code    16  usbd_desc.o(i.USBD_FS_ManufacturerStrDescriptor)
    USBD_FS_ProductStrDescriptor             0x08003ac9   Thumb Code    16  usbd_desc.o(i.USBD_FS_ProductStrDescriptor)
    USBD_FS_SerialStrDescriptor              0x08003af1   Thumb Code    48  usbd_desc.o(i.USBD_FS_SerialStrDescriptor)
    USBD_GetString                           0x08003c11   Thumb Code    72  usbd_ctlreq.o(i.USBD_GetString)
    USBD_Init                                0x08003c71   Thumb Code    42  usbd_core.o(i.USBD_Init)
    USBD_LL_ClearStallEP                     0x08003c9b   Thumb Code    18  usbd_conf.o(i.USBD_LL_ClearStallEP)
    USBD_LL_CloseEP                          0x08003cad   Thumb Code    18  usbd_conf.o(i.USBD_LL_CloseEP)
    USBD_LL_DataInStage                      0x08003cbf   Thumb Code   198  usbd_core.o(i.USBD_LL_DataInStage)
    USBD_LL_DataOutStage                     0x08003d85   Thumb Code   130  usbd_core.o(i.USBD_LL_DataOutStage)
    USBD_LL_DevConnected                     0x08003e07   Thumb Code     4  usbd_core.o(i.USBD_LL_DevConnected)
    USBD_LL_DevDisconnected                  0x08003e0b   Thumb Code    22  usbd_core.o(i.USBD_LL_DevDisconnected)
    USBD_LL_GetRxDataSize                    0x08003e21   Thumb Code     8  usbd_conf.o(i.USBD_LL_GetRxDataSize)
    USBD_LL_Init                             0x08003e29   Thumb Code    84  usbd_conf.o(i.USBD_LL_Init)
    USBD_LL_IsStallEP                        0x08003e81   Thumb Code    32  usbd_conf.o(i.USBD_LL_IsStallEP)
    USBD_LL_IsoINIncomplete                  0x08003ea1   Thumb Code     4  usbd_core.o(i.USBD_LL_IsoINIncomplete)
    USBD_LL_IsoOUTIncomplete                 0x08003ea5   Thumb Code     4  usbd_core.o(i.USBD_LL_IsoOUTIncomplete)
    USBD_LL_OpenEP                           0x08003ea9   Thumb Code    24  usbd_conf.o(i.USBD_LL_OpenEP)
    USBD_LL_PrepareReceive                   0x08003ec1   Thumb Code    18  usbd_conf.o(i.USBD_LL_PrepareReceive)
    USBD_LL_Reset                            0x08003ed3   Thumb Code    80  usbd_core.o(i.USBD_LL_Reset)
    USBD_LL_Resume                           0x08003f23   Thumb Code    20  usbd_core.o(i.USBD_LL_Resume)
    USBD_LL_SOF                              0x08003f37   Thumb Code    24  usbd_core.o(i.USBD_LL_SOF)
    USBD_LL_SetSpeed                         0x08003f4f   Thumb Code     6  usbd_core.o(i.USBD_LL_SetSpeed)
    USBD_LL_SetUSBAddress                    0x08003f55   Thumb Code    18  usbd_conf.o(i.USBD_LL_SetUSBAddress)
    USBD_LL_SetupStage                       0x08003f67   Thumb Code    90  usbd_core.o(i.USBD_LL_SetupStage)
    USBD_LL_StallEP                          0x08003fc1   Thumb Code    18  usbd_conf.o(i.USBD_LL_StallEP)
    USBD_LL_Start                            0x08003fd3   Thumb Code    18  usbd_conf.o(i.USBD_LL_Start)
    USBD_LL_Suspend                          0x08003fe5   Thumb Code    18  usbd_core.o(i.USBD_LL_Suspend)
    USBD_LL_Transmit                         0x08003ff7   Thumb Code    18  usbd_conf.o(i.USBD_LL_Transmit)
    USBD_ParseSetupRequest                   0x08004009   Thumb Code    40  usbd_ctlreq.o(i.USBD_ParseSetupRequest)
    USBD_RegisterClass                       0x08004031   Thumb Code    16  usbd_core.o(i.USBD_RegisterClass)
    USBD_SetClassConfig                      0x08004041   Thumb Code    22  usbd_core.o(i.USBD_SetClassConfig)
    USBD_Start                               0x080040dd   Thumb Code    10  usbd_core.o(i.USBD_Start)
    USBD_StdDevReq                           0x080040e7   Thumb Code   274  usbd_ctlreq.o(i.USBD_StdDevReq)
    USBD_StdEPReq                            0x080041f9   Thumb Code   336  usbd_ctlreq.o(i.USBD_StdEPReq)
    USBD_StdItfReq                           0x08004349   Thumb Code    78  usbd_ctlreq.o(i.USBD_StdItfReq)
    USBD_static_free                         0x08004397   Thumb Code     2  usbd_conf.o(i.USBD_static_free)
    USBD_static_malloc                       0x08004399   Thumb Code     4  usbd_conf.o(i.USBD_static_malloc)
    USB_ActivateEndpoint                     0x080043a1   Thumb Code   122  stm32f1xx_ll_usb.o(i.USB_ActivateEndpoint)
    USB_ActivateSetup                        0x08004421   Thumb Code    28  stm32f1xx_ll_usb.o(i.USB_ActivateSetup)
    USB_CoreInit                             0x0800443d   Thumb Code    76  stm32f1xx_ll_usb.o(i.USB_CoreInit)
    USB_DeactivateEndpoint                   0x0800448d   Thumb Code   194  stm32f1xx_ll_usb.o(i.USB_DeactivateEndpoint)
    USB_DevConnect                           0x08004559   Thumb Code    28  stm32f1xx_ll_usb.o(i.USB_DevConnect)
    USB_DevDisconnect                        0x08004575   Thumb Code    28  stm32f1xx_ll_usb.o(i.USB_DevDisconnect)
    USB_DevInit                              0x08004591   Thumb Code   280  stm32f1xx_ll_usb.o(i.USB_DevInit)
    USB_DisableGlobalInt                     0x080046b1   Thumb Code    12  stm32f1xx_ll_usb.o(i.USB_DisableGlobalInt)
    USB_EP0_OutStart                         0x080046bd   Thumb Code    62  stm32f1xx_ll_usb.o(i.USB_EP0_OutStart)
    USB_EPClearStall                         0x08004701   Thumb Code    88  stm32f1xx_ll_usb.o(i.USB_EPClearStall)
    USB_EPSetStall                           0x08004759   Thumb Code    88  stm32f1xx_ll_usb.o(i.USB_EPSetStall)
    USB_EPStartXfer                          0x080047b1   Thumb Code   472  stm32f1xx_ll_usb.o(i.USB_EPStartXfer)
    USB_EPStopXfer                           0x0800498d   Thumb Code   158  stm32f1xx_ll_usb.o(i.USB_EPStopXfer)
    USB_EnableGlobalInt                      0x08004a2b   Thumb Code    12  stm32f1xx_ll_usb.o(i.USB_EnableGlobalInt)
    USB_FlushRxFifo                          0x08004a39   Thumb Code    54  stm32f1xx_ll_usb.o(i.USB_FlushRxFifo)
    USB_FlushTxFifo                          0x08004a75   Thumb Code    58  stm32f1xx_ll_usb.o(i.USB_FlushTxFifo)
    USB_GetDevSpeed                          0x08004ab5   Thumb Code    24  stm32f1xx_ll_usb.o(i.USB_GetDevSpeed)
    USB_GetMode                              0x08004acd   Thumb Code     8  stm32f1xx_ll_usb.o(i.USB_GetMode)
    USB_ReadDevAllInEpInterrupt              0x08004ad5   Thumb Code    14  stm32f1xx_ll_usb.o(i.USB_ReadDevAllInEpInterrupt)
    USB_ReadDevAllOutEpInterrupt             0x08004ae3   Thumb Code    14  stm32f1xx_ll_usb.o(i.USB_ReadDevAllOutEpInterrupt)
    USB_ReadDevInEPInterrupt                 0x08004af1   Thumb Code    36  stm32f1xx_ll_usb.o(i.USB_ReadDevInEPInterrupt)
    USB_ReadDevOutEPInterrupt                0x08004b15   Thumb Code    16  stm32f1xx_ll_usb.o(i.USB_ReadDevOutEPInterrupt)
    USB_ReadInterrupts                       0x08004b25   Thumb Code     8  stm32f1xx_ll_usb.o(i.USB_ReadInterrupts)
    USB_ReadPacket                           0x08004b2d   Thumb Code    62  stm32f1xx_ll_usb.o(i.USB_ReadPacket)
    USB_SetCurrentMode                       0x08004b6b   Thumb Code    92  stm32f1xx_ll_usb.o(i.USB_SetCurrentMode)
    USB_SetDevAddress                        0x08004bc7   Thumb Code    34  stm32f1xx_ll_usb.o(i.USB_SetDevAddress)
    USB_SetTurnaroundTime                    0x08004be9   Thumb Code   158  stm32f1xx_ll_usb.o(i.USB_SetTurnaroundTime)
    USB_WritePacket                          0x08004cd1   Thumb Code    36  stm32f1xx_ll_usb.o(i.USB_WritePacket)
    UsageFault_Handler                       0x08004cf5   Thumb Code     2  stm32f1xx_it.o(i.UsageFault_Handler)
    main                                     0x08004d19   Thumb Code   660  main.o(i.main)
    round                                    0x08004fe5   Thumb Code   136  round.o(i.round)
    _get_lc_ctype                            0x08005079   Thumb Code    44  lc_ctype_c.o(locale$$code)
    __aeabi_d2f                              0x080050a5   Thumb Code     0  d2f.o(x$fpl$d2f)
    _d2f                                     0x080050a5   Thumb Code    98  d2f.o(x$fpl$d2f)
    __aeabi_dadd                             0x08005109   Thumb Code     0  daddsub_clz.o(x$fpl$dadd)
    _dadd                                    0x08005109   Thumb Code   332  daddsub_clz.o(x$fpl$dadd)
    __fpl_dcheck_NaN1                        0x08005259   Thumb Code    10  dcheck1.o(x$fpl$dcheck1)
    __fpl_dcmp_Inf                           0x08005269   Thumb Code    24  dcmpi.o(x$fpl$dcmpinf)
    __aeabi_ddiv                             0x08005281   Thumb Code     0  ddiv.o(x$fpl$ddiv)
    _ddiv                                    0x08005281   Thumb Code   552  ddiv.o(x$fpl$ddiv)
    __aeabi_d2uiz                            0x08005531   Thumb Code     0  dfixu.o(x$fpl$dfixu)
    _dfixu                                   0x08005531   Thumb Code    90  dfixu.o(x$fpl$dfixu)
    __aeabi_ui2d                             0x0800558b   Thumb Code     0  dflt_clz.o(x$fpl$dfltu)
    _dfltu                                   0x0800558b   Thumb Code    38  dflt_clz.o(x$fpl$dfltu)
    __aeabi_cdcmple                          0x080055b1   Thumb Code     0  dleqf.o(x$fpl$dleqf)
    _dcmple                                  0x080055b1   Thumb Code   120  dleqf.o(x$fpl$dleqf)
    __fpl_dcmple_InfNaN                      0x08005613   Thumb Code     0  dleqf.o(x$fpl$dleqf)
    __aeabi_dmul                             0x08005629   Thumb Code     0  dmul.o(x$fpl$dmul)
    _dmul                                    0x08005629   Thumb Code   332  dmul.o(x$fpl$dmul)
    __fpl_dnaninf                            0x0800577d   Thumb Code   156  dnaninf.o(x$fpl$dnaninf)
    __fpl_dretinf                            0x08005819   Thumb Code    12  dretinf.o(x$fpl$dretinf)
    __aeabi_cdrcmple                         0x08005825   Thumb Code     0  drleqf.o(x$fpl$drleqf)
    _drcmple                                 0x08005825   Thumb Code   108  drleqf.o(x$fpl$drleqf)
    _drnd                                    0x08005891   Thumb Code   180  drnd.o(x$fpl$drnd)
    __aeabi_drsub                            0x08005945   Thumb Code     0  daddsub_clz.o(x$fpl$drsb)
    _drsb                                    0x08005945   Thumb Code    22  daddsub_clz.o(x$fpl$drsb)
    __aeabi_dsub                             0x0800595d   Thumb Code     0  daddsub_clz.o(x$fpl$dsub)
    _dsub                                    0x0800595d   Thumb Code   464  daddsub_clz.o(x$fpl$dsub)
    __aeabi_f2d                              0x08005b31   Thumb Code     0  f2d.o(x$fpl$f2d)
    _f2d                                     0x08005b31   Thumb Code    86  f2d.o(x$fpl$f2d)
    __aeabi_fadd                             0x08005b89   Thumb Code     0  faddsub_clz.o(x$fpl$fadd)
    _fadd                                    0x08005b89   Thumb Code   196  faddsub_clz.o(x$fpl$fadd)
    __aeabi_fdiv                             0x08005c4d   Thumb Code     0  fdiv.o(x$fpl$fdiv)
    _fdiv                                    0x08005c4d   Thumb Code   384  fdiv.o(x$fpl$fdiv)
    __aeabi_f2uiz                            0x08005dd1   Thumb Code     0  ffixu.o(x$fpl$ffixu)
    _ffixu                                   0x08005dd1   Thumb Code    62  ffixu.o(x$fpl$ffixu)
    __aeabi_ui2f                             0x08005e11   Thumb Code     0  fflt_clz.o(x$fpl$ffltu)
    _ffltu                                   0x08005e11   Thumb Code    38  fflt_clz.o(x$fpl$ffltu)
    __fpl_fnaninf                            0x08005e37   Thumb Code   140  fnaninf.o(x$fpl$fnaninf)
    __fpl_fretinf                            0x08005ec3   Thumb Code    10  fretinf.o(x$fpl$fretinf)
    __aeabi_fsub                             0x08005ecd   Thumb Code     0  faddsub_clz.o(x$fpl$fsub)
    _fsub                                    0x08005ecd   Thumb Code   234  faddsub_clz.o(x$fpl$fsub)
    __fpl_return_NaN                         0x08005fb7   Thumb Code   100  retnan.o(x$fpl$retnan)
    __ARM_scalbn                             0x0800601b   Thumb Code    92  scalbn.o(x$fpl$scalbn)
    __fpl_cmpreturn                          0x08006077   Thumb Code    48  trapv.o(x$fpl$trapveneer)
    __I$use$fp                               0x080060a6   Number         0  usenofp.o(x$fpl$usenofp)
    AHBPrescTable                            0x080060c4   Data          16  system_stm32f1xx.o(.constdata)
    Region$$Table$$Base                      0x080060d4   Number         0  anon$$obj.o(Region$$Table)
    Region$$Table$$Limit                     0x080060f4   Number         0  anon$$obj.o(Region$$Table)
    __ctype                                  0x08006101   Data           0  lc_ctype_c.o(locale$$data)
    StopFlag                                 0x20000000   Data           1  main.o(.data)
    TopFlag                                  0x20000001   Data           1  main.o(.data)
    BotFlag                                  0x20000002   Data           1  main.o(.data)
    TimFlag                                  0x20000003   Data           1  main.o(.data)
    CycleFlag                                0x20000004   Data           1  main.o(.data)
    MoveFlag                                 0x20000005   Data           1  main.o(.data)
    errorPHASE                               0x20000006   Data           1  main.o(.data)
    var                                      0x20000007   Data           1  main.o(.data)
    errorInit                                0x20000008   Data           1  main.o(.data)
    AccelerationFlag                         0x20000009   Data           1  main.o(.data)
    Mode                                     0x2000000a   Data           1  main.o(.data)
    cycle                                    0x2000000b   Data           1  main.o(.data)
    dir                                      0x2000000c   Data           1  main.o(.data)
    SaveTime                                 0x2000000e   Data           2  main.o(.data)
    TimeFlag                                 0x20000010   Data           2  main.o(.data)
    bufTime                                  0x20000012   Data           2  main.o(.data)
    time                                     0x20000014   Data           2  main.o(.data)
    bufCycle                                 0x20000016   Data           2  main.o(.data)
    SpdMode                                  0x20000018   Data           2  main.o(.data)
    EncodSpd                                 0x2000001c   Data           4  main.o(.data)
    CurCycle                                 0x20000020   Data           4  main.o(.data)
    SpeedFlag                                0x20000024   Data           4  main.o(.data)
    len                                      0x20000028   Data           4  main.o(.data)
    SpdTest                                  0x2000002c   Data           4  main.o(.data)
    LastSpd                                  0x20000030   Data           4  main.o(.data)
    LastSpd1                                 0x20000034   Data           4  main.o(.data)
    CheckSpd                                 0x20000038   Data           4  main.o(.data)
    OurSpeed                                 0x2000003c   Data           4  main.o(.data)
    Schet                                    0x20000040   Data           4  main.o(.data)
    spd                                      0x20000044   Data           4  main.o(.data)
    bufSpd                                   0x20000048   Data           4  main.o(.data)
    maxSpd                                   0x2000004c   Data           4  main.o(.data)
    minSpd                                   0x20000050   Data           4  main.o(.data)
    bufMaxSpd                                0x20000054   Data           4  main.o(.data)
    TPS                                      0x20000058   Data           4  main.o(.data)
    CountPer                                 0x2000005c   Data           4  main.o(.data)
    StepTime                                 0x20000060   Data           4  main.o(.data)
    CurSpd                                   0x20000064   Data           4  main.o(.data)
    MovementMode                             0x20000068   Data           4  main.o(.data)
    FactSpeed                                0x2000006c   Data           4  main.o(.data)
    bufMinSpd                                0x20000070   Data           5  main.o(.data)
    Tim2Flag                                 0x20000075   Data           1  main.o(.data)
    Timer_TICK                               0x20000078   Data           4  main.o(.data)
    SensorSpd                                0x2000007c   Data           4  main.o(.data)
    Pulse_Period                             0x20000080   Data           4  main.o(.data)
    massive_avrg_values                      0x20000084   Data           8  main.o(.data)
    avrage_sum                               0x2000008c   Data           2  main.o(.data)
    Avarage_value                            0x2000008e   Data           2  main.o(.data)
    Counter                                  0x20000090   Data           4  main.o(.data)
    lir_angle                                0x20000094   Data           4  main.o(.data)
    StepSpd                                  0x20000098   Data           4  main.o(.data)
    GoodFlag                                 0x2000009c   Data           1  stm32f1xx_it.o(.data)
    errorDU                                  0x2000009d   Data           1  stm32f1xx_it.o(.data)
    FlagInitDelay70                          0x2000009e   Data           1  stm32f1xx_it.o(.data)
    state1                                   0x2000009f   Data           1  stm32f1xx_it.o(.data)
    state2                                   0x200000a0   Data           1  stm32f1xx_it.o(.data)
    state3                                   0x200000a1   Data           1  stm32f1xx_it.o(.data)
    state4                                   0x200000a2   Data           1  stm32f1xx_it.o(.data)
    CurErr                                   0x200000a3   Data           1  stm32f1xx_it.o(.data)
    counter_test                             0x200000a4   Data           2  stm32f1xx_it.o(.data)
    massive_err                              0x200000a6   Data           2  stm32f1xx_it.o(.data)
    InitDelay2                               0x200000a8   Data           2  stm32f1xx_it.o(.data)
    InitDelay70                              0x200000aa   Data           2  stm32f1xx_it.o(.data)
    c                                        0x200000ac   Data           2  stm32f1xx_it.o(.data)
    lastLir_angle                            0x200000b0   Data           4  stm32f1xx_it.o(.data)
    sumCircle                                0x200000b4   Data           4  stm32f1xx_it.o(.data)
    distance                                 0x200000b8   Data           4  stm32f1xx_it.o(.data)
    cnt                                      0x200000bc   Data           4  stm32f1xx_it.o(.data)
    values                                   0x200000c0   Data           4  stm32f1xx_it.o(.data)
    allSpd                                   0x200000c4   Data           4  stm32f1xx_it.o(.data)
    motorSpeed                               0x200000c8   Data           4  stm32f1xx_it.o(.data)
    FS_Desc                                  0x200000cc   Data          28  usbd_desc.o(.data)
    USBD_LangIDDesc                          0x200000e8   Data           4  usbd_desc.o(.data)
    USBD_FS_DeviceDesc                       0x200000ec   Data          18  usbd_desc.o(.data)
    USBD_StringSerial                        0x20000100   Data          26  usbd_desc.o(.data)
    USBD_Interface_fops_FS                   0x2000011c   Data          16  usbd_cdc_if.o(.data)
    uwTickFreq                               0x2000012c   Data           1  stm32f1xx_hal.o(.data)
    uwTickPrio                               0x20000130   Data           4  stm32f1xx_hal.o(.data)
    uwTick                                   0x20000134   Data           4  stm32f1xx_hal.o(.data)
    SystemCoreClock                          0x20000138   Data           4  system_stm32f1xx.o(.data)
    USBD_CDC_CfgHSDesc                       0x2000014c   Data          67  usbd_cdc.o(.data)
    USBD_CDC_CfgFSDesc                       0x20000190   Data          67  usbd_cdc.o(.data)
    USBD_CDC_OtherSpeedCfgDesc               0x200001d4   Data          67  usbd_cdc.o(.data)
    USBD_CDC                                 0x20000218   Data          56  usbd_cdc.o(.data)
    bufferSpd                                0x20000250   Data          12  main.o(.bss)
    buffer                                   0x2000025c   Data          18  main.o(.bss)
    hspi3                                    0x20000270   Data          88  main.o(.bss)
    htim2                                    0x200002c8   Data          72  main.o(.bss)
    htim3                                    0x20000310   Data          72  main.o(.bss)
    htim5                                    0x20000358   Data          72  main.o(.bss)
    htim6                                    0x200003a0   Data          72  main.o(.bss)
    htim7                                    0x200003e8   Data          72  main.o(.bss)
    el_mas                                   0x20000430   Data        2000  main.o(.bss)
    hUsbDeviceFS                             0x20000c00   Data         708  usb_device.o(.bss)
    USBD_StrDesc                             0x20000ec4   Data         512  usbd_desc.o(.bss)
    UserRxBufferFS                           0x200010c4   Data        1024  usbd_cdc_if.o(.bss)
    UserTxBufferFS                           0x200014c4   Data        1024  usbd_cdc_if.o(.bss)
    hpcd_USB_OTG_FS                          0x20001ae4   Data        1284  usbd_conf.o(.bss)
    __libspace_start                         0x20001fe8   Data          96  libspace.o(.bss)
    __temporary_stack_top$libspace           0x20002048   Data           0  libspace.o(.bss)



==============================================================================

Memory Map of the image

  Image Entry point : 0x08000151

  Load Region LR_IROM1 (Base: 0x08000000, Size: 0x00006454, Max: 0x00010000, ABSOLUTE, COMPRESSED[0x000062d4])

    Execution Region ER_IROM1 (Base: 0x08000000, Size: 0x00006204, Max: 0x00010000, ABSOLUTE)

    Base Addr    Size         Type   Attr      Idx    E Section Name        Object

    0x08000000   0x00000150   Data   RO            3    RESET               startup_stm32f105xc.o
    0x08000150   0x00000008   Code   RO         4127  * !!!main             c_w.l(__main.o)
    0x08000158   0x00000034   Code   RO         4394    !!!scatter          c_w.l(__scatter.o)
    0x0800018c   0x0000005a   Code   RO         4392    !!dczerorl2         c_w.l(__dczerorl2.o)
    0x080001e6   0x00000002   PAD
    0x080001e8   0x0000001c   Code   RO         4396    !!handler_zi        c_w.l(__scatter_zi.o)
    0x08000204   0x00000002   Code   RO         4261    .ARM.Collect$$libinit$$00000000  c_w.l(libinit.o)
    0x08000206   0x00000000   Code   RO         4275    .ARM.Collect$$libinit$$00000002  c_w.l(libinit2.o)
    0x08000206   0x00000000   Code   RO         4277    .ARM.Collect$$libinit$$00000004  c_w.l(libinit2.o)
    0x08000206   0x00000000   Code   RO         4280    .ARM.Collect$$libinit$$0000000A  c_w.l(libinit2.o)
    0x08000206   0x00000000   Code   RO         4282    .ARM.Collect$$libinit$$0000000C  c_w.l(libinit2.o)
    0x08000206   0x00000000   Code   RO         4284    .ARM.Collect$$libinit$$0000000E  c_w.l(libinit2.o)
    0x08000206   0x00000006   Code   RO         4285    .ARM.Collect$$libinit$$0000000F  c_w.l(libinit2.o)
    0x0800020c   0x00000000   Code   RO         4287    .ARM.Collect$$libinit$$00000011  c_w.l(libinit2.o)
    0x0800020c   0x0000000c   Code   RO         4288    .ARM.Collect$$libinit$$00000012  c_w.l(libinit2.o)
    0x08000218   0x00000000   Code   RO         4289    .ARM.Collect$$libinit$$00000013  c_w.l(libinit2.o)
    0x08000218   0x00000000   Code   RO         4291    .ARM.Collect$$libinit$$00000015  c_w.l(libinit2.o)
    0x08000218   0x00000000   Code   RO         4293    .ARM.Collect$$libinit$$00000017  c_w.l(libinit2.o)
    0x08000218   0x00000000   Code   RO         4295    .ARM.Collect$$libinit$$00000019  c_w.l(libinit2.o)
    0x08000218   0x00000000   Code   RO         4297    .ARM.Collect$$libinit$$0000001B  c_w.l(libinit2.o)
    0x08000218   0x00000000   Code   RO         4299    .ARM.Collect$$libinit$$0000001D  c_w.l(libinit2.o)
    0x08000218   0x00000000   Code   RO         4301    .ARM.Collect$$libinit$$0000001F  c_w.l(libinit2.o)
    0x08000218   0x00000000   Code   RO         4303    .ARM.Collect$$libinit$$00000021  c_w.l(libinit2.o)
    0x08000218   0x00000000   Code   RO         4305    .ARM.Collect$$libinit$$00000023  c_w.l(libinit2.o)
    0x08000218   0x00000000   Code   RO         4307    .ARM.Collect$$libinit$$00000025  c_w.l(libinit2.o)
    0x08000218   0x00000000   Code   RO         4311    .ARM.Collect$$libinit$$0000002C  c_w.l(libinit2.o)
    0x08000218   0x00000000   Code   RO         4313    .ARM.Collect$$libinit$$0000002E  c_w.l(libinit2.o)
    0x08000218   0x00000000   Code   RO         4315    .ARM.Collect$$libinit$$00000030  c_w.l(libinit2.o)
    0x08000218   0x00000000   Code   RO         4317    .ARM.Collect$$libinit$$00000032  c_w.l(libinit2.o)
    0x08000218   0x00000002   Code   RO         4318    .ARM.Collect$$libinit$$00000033  c_w.l(libinit2.o)
    0x0800021a   0x00000002   Code   RO         4349    .ARM.Collect$$libshutdown$$00000000  c_w.l(libshutdown.o)
    0x0800021c   0x00000000   Code   RO         4375    .ARM.Collect$$libshutdown$$00000002  c_w.l(libshutdown2.o)
    0x0800021c   0x00000000   Code   RO         4377    .ARM.Collect$$libshutdown$$00000004  c_w.l(libshutdown2.o)
    0x0800021c   0x00000000   Code   RO         4380    .ARM.Collect$$libshutdown$$00000007  c_w.l(libshutdown2.o)
    0x0800021c   0x00000000   Code   RO         4383    .ARM.Collect$$libshutdown$$0000000A  c_w.l(libshutdown2.o)
    0x0800021c   0x00000000   Code   RO         4385    .ARM.Collect$$libshutdown$$0000000C  c_w.l(libshutdown2.o)
    0x0800021c   0x00000000   Code   RO         4388    .ARM.Collect$$libshutdown$$0000000F  c_w.l(libshutdown2.o)
    0x0800021c   0x00000002   Code   RO         4389    .ARM.Collect$$libshutdown$$00000010  c_w.l(libshutdown2.o)
    0x0800021e   0x00000000   Code   RO         4173    .ARM.Collect$$rtentry$$00000000  c_w.l(__rtentry.o)
    0x0800021e   0x00000000   Code   RO         4214    .ARM.Collect$$rtentry$$00000002  c_w.l(__rtentry2.o)
    0x0800021e   0x00000006   Code   RO         4226    .ARM.Collect$$rtentry$$00000004  c_w.l(__rtentry4.o)
    0x08000224   0x00000000   Code   RO         4216    .ARM.Collect$$rtentry$$00000009  c_w.l(__rtentry2.o)
    0x08000224   0x00000004   Code   RO         4217    .ARM.Collect$$rtentry$$0000000A  c_w.l(__rtentry2.o)
    0x08000228   0x00000000   Code   RO         4219    .ARM.Collect$$rtentry$$0000000C  c_w.l(__rtentry2.o)
    0x08000228   0x00000008   Code   RO         4220    .ARM.Collect$$rtentry$$0000000D  c_w.l(__rtentry2.o)
    0x08000230   0x00000002   Code   RO         4264    .ARM.Collect$$rtexit$$00000000  c_w.l(rtexit.o)
    0x08000232   0x00000000   Code   RO         4322    .ARM.Collect$$rtexit$$00000002  c_w.l(rtexit2.o)
    0x08000232   0x00000004   Code   RO         4323    .ARM.Collect$$rtexit$$00000003  c_w.l(rtexit2.o)
    0x08000236   0x00000006   Code   RO         4324    .ARM.Collect$$rtexit$$00000004  c_w.l(rtexit2.o)
    0x0800023c   0x00000040   Code   RO            4    .text               startup_stm32f105xc.o
    0x0800027c   0x000000ee   Code   RO         4111    .text               c_w.l(lludivv7m.o)
    0x0800036a   0x0000001a   Code   RO         4115    .text               c_w.l(atoi.o)
    0x08000384   0x0000003e   Code   RO         4117    .text               c_w.l(strlen.o)
    0x080003c2   0x00000064   Code   RO         4119    .text               c_w.l(rt_memcpy_w.o)
    0x08000426   0x0000004e   Code   RO         4121    .text               c_w.l(rt_memclr_w.o)
    0x08000474   0x00000056   Code   RO         4123    .text               c_w.l(strncpy.o)
    0x080004ca   0x00000006   Code   RO         4125    .text               c_w.l(heapauxi.o)
    0x080004d0   0x00000008   Code   RO         4181    .text               c_w.l(rt_errno_addr_intlibspace.o)
    0x080004d8   0x00000070   Code   RO         4183    .text               c_w.l(strtol.o)
    0x08000548   0x00000044   Code   RO         4185    .text               c_w.l(rt_memclr.o)
    0x0800058c   0x00000008   Code   RO         4210    .text               c_w.l(libspace.o)
    0x08000594   0x00000010   Code   RO         4228    .text               c_w.l(rt_ctype_table.o)
    0x080005a4   0x0000009e   Code   RO         4232    .text               c_w.l(_strtoul.o)
    0x08000642   0x0000004a   Code   RO         4238    .text               c_w.l(sys_stackheap_outer.o)
    0x0800068c   0x00000008   Code   RO         4243    .text               c_w.l(rt_locale_intlibspace.o)
    0x08000694   0x0000001c   Code   RO         4245    .text               c_w.l(_chval.o)
    0x080006b0   0x00000012   Code   RO         4250    .text               c_w.l(exit.o)
    0x080006c2   0x00000002   PAD
    0x080006c4   0x00000080   Code   RO         4272    .text               c_w.l(strcmpv7m.o)
    0x08000744   0x0000000c   Code   RO         4319    .text               c_w.l(sys_exit.o)
    0x08000750   0x00000002   Code   RO         4338    .text               c_w.l(use_no_semi.o)
    0x08000752   0x00000000   Code   RO         4340    .text               c_w.l(indicate_semi.o)
    0x08000752   0x00000002   Code   RO          254    i.BusFault_Handler  stm32f1xx_it.o
    0x08000754   0x00000004   Code   RO          545    i.CDC_Control_FS    usbd_cdc_if.o
    0x08000758   0x00000004   Code   RO          546    i.CDC_DeInit_FS     usbd_cdc_if.o
    0x0800075c   0x00000024   Code   RO          547    i.CDC_Init_FS       usbd_cdc_if.o
    0x08000780   0x00000048   Code   RO          548    i.CDC_Receive_FS    usbd_cdc_if.o
    0x080007c8   0x0000002c   Code   RO          549    i.CDC_Transmit_FS   usbd_cdc_if.o
    0x080007f4   0x00000002   Code   RO          255    i.DebugMon_Handler  stm32f1xx_it.o
    0x080007f6   0x00000004   Code   RO           13    i.Error_Handler     main.o
    0x080007fa   0x00000002   PAD
    0x080007fc   0x00000130   Code   RO         1815    i.HAL_DMA_Abort_IT  stm32f1xx_hal_dma.o
    0x0800092c   0x00000024   Code   RO         1416    i.HAL_Delay         stm32f1xx_hal.o
    0x08000950   0x000001e0   Code   RO         1750    i.HAL_GPIO_Init     stm32f1xx_hal_gpio.o
    0x08000b30   0x0000000a   Code   RO         1752    i.HAL_GPIO_ReadPin  stm32f1xx_hal_gpio.o
    0x08000b3a   0x00000010   Code   RO         1753    i.HAL_GPIO_TogglePin  stm32f1xx_hal_gpio.o
    0x08000b4a   0x0000000a   Code   RO         1754    i.HAL_GPIO_WritePin  stm32f1xx_hal_gpio.o
    0x08000b54   0x0000000c   Code   RO         1420    i.HAL_GetTick       stm32f1xx_hal.o
    0x08000b60   0x00000010   Code   RO         1426    i.HAL_IncTick       stm32f1xx_hal.o
    0x08000b70   0x00000024   Code   RO         1427    i.HAL_Init          stm32f1xx_hal.o
    0x08000b94   0x00000040   Code   RO         1428    i.HAL_InitTick      stm32f1xx_hal.o
    0x08000bd4   0x0000002c   Code   RO          377    i.HAL_MspInit       stm32f1xx_hal_msp.o
    0x08000c00   0x0000001a   Code   RO         1910    i.HAL_NVIC_EnableIRQ  stm32f1xx_hal_cortex.o
    0x08000c1a   0x00000002   PAD
    0x08000c1c   0x00000040   Code   RO         1916    i.HAL_NVIC_SetPriority  stm32f1xx_hal_cortex.o
    0x08000c5c   0x00000024   Code   RO         1917    i.HAL_NVIC_SetPriorityGrouping  stm32f1xx_hal_cortex.o
    0x08000c80   0x00000008   Code   RO         1068    i.HAL_PCDEx_SetRxFiFo  stm32f1xx_hal_pcd_ex.o
    0x08000c88   0x00000044   Code   RO         1069    i.HAL_PCDEx_SetTxFiFo  stm32f1xx_hal_pcd_ex.o
    0x08000ccc   0x00000008   Code   RO          597    i.HAL_PCD_ConnectCallback  usbd_conf.o
    0x08000cd4   0x00000012   Code   RO          598    i.HAL_PCD_DataInStageCallback  usbd_conf.o
    0x08000ce6   0x00000014   Code   RO          599    i.HAL_PCD_DataOutStageCallback  usbd_conf.o
    0x08000cfa   0x00000008   Code   RO          600    i.HAL_PCD_DisconnectCallback  usbd_conf.o
    0x08000d02   0x0000001e   Code   RO          848    i.HAL_PCD_EP_Abort  stm32f1xx_hal_pcd.o
    0x08000d20   0x0000004c   Code   RO          849    i.HAL_PCD_EP_Close  stm32f1xx_hal_pcd.o
    0x08000d6c   0x0000005c   Code   RO          850    i.HAL_PCD_EP_ClrStall  stm32f1xx_hal_pcd.o
    0x08000dc8   0x00000012   Code   RO          852    i.HAL_PCD_EP_GetRxCount  stm32f1xx_hal_pcd.o
    0x08000dda   0x00000060   Code   RO          853    i.HAL_PCD_EP_Open   stm32f1xx_hal_pcd.o
    0x08000e3a   0x0000002e   Code   RO          854    i.HAL_PCD_EP_Receive  stm32f1xx_hal_pcd.o
    0x08000e68   0x00000072   Code   RO          855    i.HAL_PCD_EP_SetStall  stm32f1xx_hal_pcd.o
    0x08000eda   0x0000002a   Code   RO          856    i.HAL_PCD_EP_Transmit  stm32f1xx_hal_pcd.o
    0x08000f04   0x0000053c   Code   RO          858    i.HAL_PCD_IRQHandler  stm32f1xx_hal_pcd.o
    0x08001440   0x00000008   Code   RO          601    i.HAL_PCD_ISOINIncompleteCallback  usbd_conf.o
    0x08001448   0x00000008   Code   RO          602    i.HAL_PCD_ISOOUTIncompleteCallback  usbd_conf.o
    0x08001450   0x000000e2   Code   RO          861    i.HAL_PCD_Init      stm32f1xx_hal_pcd.o
    0x08001532   0x00000002   PAD
    0x08001534   0x00000038   Code   RO          604    i.HAL_PCD_MspInit   usbd_conf.o
    0x0800156c   0x00000026   Code   RO          605    i.HAL_PCD_ResetCallback  usbd_conf.o
    0x08001592   0x00000008   Code   RO          606    i.HAL_PCD_ResumeCallback  usbd_conf.o
    0x0800159a   0x00000008   Code   RO          607    i.HAL_PCD_SOFCallback  usbd_conf.o
    0x080015a2   0x00000028   Code   RO          867    i.HAL_PCD_SetAddress  stm32f1xx_hal_pcd.o
    0x080015ca   0x0000000e   Code   RO          608    i.HAL_PCD_SetupStageCallback  usbd_conf.o
    0x080015d8   0x0000002a   Code   RO          869    i.HAL_PCD_Start     stm32f1xx_hal_pcd.o
    0x08001602   0x00000002   PAD
    0x08001604   0x00000030   Code   RO          609    i.HAL_PCD_SuspendCallback  usbd_conf.o
    0x08001634   0x00000188   Code   RO         1692    i.HAL_RCCEx_PeriphCLKConfig  stm32f1xx_hal_rcc_ex.o
    0x080017bc   0x0000012c   Code   RO         1584    i.HAL_RCC_ClockConfig  stm32f1xx_hal_rcc.o
    0x080018e8   0x0000000c   Code   RO         1589    i.HAL_RCC_GetHCLKFreq  stm32f1xx_hal_rcc.o
    0x080018f4   0x0000008c   Code   RO         1593    i.HAL_RCC_GetSysClockFreq  stm32f1xx_hal_rcc.o
    0x08001980   0x000003e4   Code   RO         1596    i.HAL_RCC_OscConfig  stm32f1xx_hal_rcc.o
    0x08001d64   0x00000002   Code   RO         2417    i.HAL_SPI_ErrorCallback  stm32f1xx_hal_spi.o
    0x08001d66   0x00000002   PAD
    0x08001d68   0x000000e0   Code   RO         2420    i.HAL_SPI_IRQHandler  stm32f1xx_hal_spi.o
    0x08001e48   0x000000b2   Code   RO         2421    i.HAL_SPI_Init      stm32f1xx_hal_spi.o
    0x08001efa   0x00000002   PAD
    0x08001efc   0x00000090   Code   RO          379    i.HAL_SPI_MspInit   stm32f1xx_hal_msp.o
    0x08001f8c   0x00000156   Code   RO         2424    i.HAL_SPI_Receive   stm32f1xx_hal_spi.o
    0x080020e2   0x000001ee   Code   RO         2430    i.HAL_SPI_TransmitReceive  stm32f1xx_hal_spi.o
    0x080022d0   0x00000028   Code   RO         1921    i.HAL_SYSTICK_Config  stm32f1xx_hal_cortex.o
    0x080022f8   0x00000002   Code   RO         3438    i.HAL_TIMEx_BreakCallback  stm32f1xx_hal_tim_ex.o
    0x080022fa   0x00000002   Code   RO         3439    i.HAL_TIMEx_CommutCallback  stm32f1xx_hal_tim_ex.o
    0x080022fc   0x00000074   Code   RO         3457    i.HAL_TIMEx_MasterConfigSynchronization  stm32f1xx_hal_tim_ex.o
    0x08002370   0x0000005a   Code   RO         2734    i.HAL_TIM_Base_Init  stm32f1xx_hal_tim.o
    0x080023ca   0x00000002   PAD
    0x080023cc   0x000000d8   Code   RO          381    i.HAL_TIM_Base_MspInit  stm32f1xx_hal_msp.o
    0x080024a4   0x00000064   Code   RO         2739    i.HAL_TIM_Base_Start_IT  stm32f1xx_hal_tim.o
    0x08002508   0x00000030   Code   RO         2742    i.HAL_TIM_Base_Stop_IT  stm32f1xx_hal_tim.o
    0x08002538   0x000000dc   Code   RO         2743    i.HAL_TIM_ConfigClockSource  stm32f1xx_hal_tim.o
    0x08002614   0x00000002   Code   RO         2768    i.HAL_TIM_IC_CaptureCallback  stm32f1xx_hal_tim.o
    0x08002616   0x00000166   Code   RO         2782    i.HAL_TIM_IRQHandler  stm32f1xx_hal_tim.o
    0x0800277c   0x00000002   Code   RO         2785    i.HAL_TIM_OC_DelayElapsedCallback  stm32f1xx_hal_tim.o
    0x0800277e   0x00000002   Code   RO         2812    i.HAL_TIM_PWM_PulseFinishedCallback  stm32f1xx_hal_tim.o
    0x08002780   0x00000002   Code   RO         2820    i.HAL_TIM_PeriodElapsedCallback  stm32f1xx_hal_tim.o
    0x08002782   0x00000002   Code   RO         2825    i.HAL_TIM_TriggerCallback  stm32f1xx_hal_tim.o
    0x08002784   0x00000002   Code   RO          256    i.HardFault_Handler  stm32f1xx_it.o
    0x08002786   0x00000002   PAD
    0x08002788   0x00000038   Code   RO          459    i.IntToUnicode      usbd_desc.o
    0x080027c0   0x00000134   Code   RO           14    i.MX_GPIO_Init      main.o
    0x080028f4   0x00000044   Code   RO           15    i.MX_SPI3_Init      main.o
    0x08002938   0x00000064   Code   RO           16    i.MX_TIM2_Init      main.o
    0x0800299c   0x00000064   Code   RO           17    i.MX_TIM3_Init      main.o
    0x08002a00   0x00000064   Code   RO           18    i.MX_TIM5_Init      main.o
    0x08002a64   0x00000054   Code   RO          425    i.MX_USB_DEVICE_Init  usb_device.o
    0x08002ab8   0x00000002   Code   RO          257    i.MemManage_Handler  stm32f1xx_it.o
    0x08002aba   0x00000002   PAD
    0x08002abc   0x000000c8   Code   RO           19    i.Move              main.o
    0x08002b84   0x00000002   Code   RO          258    i.NMI_Handler       stm32f1xx_it.o
    0x08002b86   0x00000002   PAD
    0x08002b88   0x0000000c   Code   RO          259    i.OTG_FS_IRQHandler  stm32f1xx_it.o
    0x08002b94   0x00000098   Code   RO          873    i.PCD_WriteEmptyTxFifo  stm32f1xx_hal_pcd.o
    0x08002c2c   0x00000002   Code   RO          260    i.PendSV_Handler    stm32f1xx_it.o
    0x08002c2e   0x00000002   PAD
    0x08002c30   0x000000bc   Code   RO           20    i.RecieveData_Usb   main.o
    0x08002cec   0x0000000c   Code   RO          261    i.SPI3_IRQHandler   stm32f1xx_it.o
    0x08002cf8   0x00000010   Code   RO         2448    i.SPI_DMAAbortOnError  stm32f1xx_hal_spi.o
    0x08002d08   0x0000005c   Code   RO         2458    i.SPI_EndRxTransaction  stm32f1xx_hal_spi.o
    0x08002d64   0x00000020   Code   RO         2459    i.SPI_EndRxTxTransaction  stm32f1xx_hal_spi.o
    0x08002d84   0x000000b8   Code   RO         2464    i.SPI_WaitFlagStateUntilTimeout  stm32f1xx_hal_spi.o
    0x08002e3c   0x00000002   Code   RO          262    i.SVC_Handler       stm32f1xx_it.o
    0x08002e3e   0x00000004   Code   RO          263    i.SysTick_Handler   stm32f1xx_it.o
    0x08002e42   0x00000002   PAD
    0x08002e44   0x00000084   Code   RO           21    i.SystemClock_Config  main.o
    0x08002ec8   0x00000002   Code   RO         3706    i.SystemInit        system_stm32f1xx.o
    0x08002eca   0x00000002   PAD
    0x08002ecc   0x000002cc   Code   RO          264    i.TIM2_IRQHandler   stm32f1xx_it.o
    0x08003198   0x00000124   Code   RO          265    i.TIM3_IRQHandler   stm32f1xx_it.o
    0x080032bc   0x00000020   Code   RO          266    i.TIM5_IRQHandler   stm32f1xx_it.o
    0x080032dc   0x00000188   Code   RO          267    i.TIM6_IRQHandler   stm32f1xx_it.o
    0x08003464   0x00000088   Code   RO          268    i.TIM7_IRQHandler   stm32f1xx_it.o
    0x080034ec   0x0000007c   Code   RO         2827    i.TIM_Base_SetConfig  stm32f1xx_hal_tim.o
    0x08003568   0x00000014   Code   RO         2838    i.TIM_ETR_SetConfig  stm32f1xx_hal_tim.o
    0x0800357c   0x00000010   Code   RO         2839    i.TIM_ITRx_SetConfig  stm32f1xx_hal_tim.o
    0x0800358c   0x00000022   Code   RO         2845    i.TIM_TI1_ConfigInputStage  stm32f1xx_hal_tim.o
    0x080035ae   0x00000024   Code   RO         2847    i.TIM_TI2_ConfigInputStage  stm32f1xx_hal_tim.o
    0x080035d2   0x00000002   PAD
    0x080035d4   0x000000ec   Code   RO           22    i.Transmite_EncoderSpeed  main.o
    0x080036c0   0x0000004a   Code   RO         4006    i.USBD_CDC_DataIn   usbd_cdc.o
    0x0800370a   0x0000002e   Code   RO         4007    i.USBD_CDC_DataOut  usbd_cdc.o
    0x08003738   0x00000044   Code   RO         4008    i.USBD_CDC_DeInit   usbd_cdc.o
    0x0800377c   0x00000024   Code   RO         4009    i.USBD_CDC_EP0_RxReady  usbd_cdc.o
    0x080037a0   0x0000000c   Code   RO         4010    i.USBD_CDC_GetDeviceQualifierDescriptor  usbd_cdc.o
    0x080037ac   0x0000000c   Code   RO         4011    i.USBD_CDC_GetFSCfgDesc  usbd_cdc.o
    0x080037b8   0x0000000c   Code   RO         4012    i.USBD_CDC_GetHSCfgDesc  usbd_cdc.o
    0x080037c4   0x0000000c   Code   RO         4013    i.USBD_CDC_GetOtherSpeedCfgDesc  usbd_cdc.o
    0x080037d0   0x00000094   Code   RO         4014    i.USBD_CDC_Init     usbd_cdc.o
    0x08003864   0x00000028   Code   RO         4015    i.USBD_CDC_ReceivePacket  usbd_cdc.o
    0x0800388c   0x00000010   Code   RO         4016    i.USBD_CDC_RegisterInterface  usbd_cdc.o
    0x0800389c   0x0000000c   Code   RO         4017    i.USBD_CDC_SetRxBuffer  usbd_cdc.o
    0x080038a8   0x00000010   Code   RO         4018    i.USBD_CDC_SetTxBuffer  usbd_cdc.o
    0x080038b8   0x000000ac   Code   RO         4019    i.USBD_CDC_Setup    usbd_cdc.o
    0x08003964   0x00000036   Code   RO         4020    i.USBD_CDC_TransmitPacket  usbd_cdc.o
    0x0800399a   0x0000000e   Code   RO         3743    i.USBD_ClrClassConfig  usbd_core.o
    0x080039a8   0x00000010   Code   RO         3946    i.USBD_CtlContinueRx  usbd_ioreq.o
    0x080039b8   0x00000010   Code   RO         3947    i.USBD_CtlContinueSendData  usbd_ioreq.o
    0x080039c8   0x00000016   Code   RO         3881    i.USBD_CtlError     usbd_ctlreq.o
    0x080039de   0x0000001e   Code   RO         3948    i.USBD_CtlPrepareRx  usbd_ioreq.o
    0x080039fc   0x00000016   Code   RO         3949    i.USBD_CtlReceiveStatus  usbd_ioreq.o
    0x08003a12   0x0000001a   Code   RO         3950    i.USBD_CtlSendData  usbd_ioreq.o
    0x08003a2c   0x00000016   Code   RO         3951    i.USBD_CtlSendStatus  usbd_ioreq.o
    0x08003a42   0x00000002   PAD
    0x08003a44   0x00000020   Code   RO          460    i.USBD_FS_ConfigStrDescriptor  usbd_desc.o
    0x08003a64   0x0000000c   Code   RO          461    i.USBD_FS_DeviceDescriptor  usbd_desc.o
    0x08003a70   0x00000024   Code   RO          462    i.USBD_FS_InterfaceStrDescriptor  usbd_desc.o
    0x08003a94   0x0000000c   Code   RO          463    i.USBD_FS_LangIDStrDescriptor  usbd_desc.o
    0x08003aa0   0x00000028   Code   RO          464    i.USBD_FS_ManufacturerStrDescriptor  usbd_desc.o
    0x08003ac8   0x00000028   Code   RO          465    i.USBD_FS_ProductStrDescriptor  usbd_desc.o
    0x08003af0   0x00000038   Code   RO          466    i.USBD_FS_SerialStrDescriptor  usbd_desc.o
    0x08003b28   0x000000e8   Code   RO         3882    i.USBD_GetDescriptor  usbd_ctlreq.o
    0x08003c10   0x00000048   Code   RO         3883    i.USBD_GetString    usbd_ctlreq.o
    0x08003c58   0x00000018   Code   RO          610    i.USBD_Get_USB_Status  usbd_conf.o
    0x08003c70   0x0000002a   Code   RO         3745    i.USBD_Init         usbd_core.o
    0x08003c9a   0x00000012   Code   RO          611    i.USBD_LL_ClearStallEP  usbd_conf.o
    0x08003cac   0x00000012   Code   RO          612    i.USBD_LL_CloseEP   usbd_conf.o
    0x08003cbe   0x000000c6   Code   RO         3746    i.USBD_LL_DataInStage  usbd_core.o
    0x08003d84   0x00000082   Code   RO         3747    i.USBD_LL_DataOutStage  usbd_core.o
    0x08003e06   0x00000004   Code   RO         3748    i.USBD_LL_DevConnected  usbd_core.o
    0x08003e0a   0x00000016   Code   RO         3749    i.USBD_LL_DevDisconnected  usbd_core.o
    0x08003e20   0x00000008   Code   RO          616    i.USBD_LL_GetRxDataSize  usbd_conf.o
    0x08003e28   0x00000058   Code   RO          617    i.USBD_LL_Init      usbd_conf.o
    0x08003e80   0x00000020   Code   RO          618    i.USBD_LL_IsStallEP  usbd_conf.o
    0x08003ea0   0x00000004   Code   RO         3750    i.USBD_LL_IsoINIncomplete  usbd_core.o
    0x08003ea4   0x00000004   Code   RO         3751    i.USBD_LL_IsoOUTIncomplete  usbd_core.o
    0x08003ea8   0x00000018   Code   RO          619    i.USBD_LL_OpenEP    usbd_conf.o
    0x08003ec0   0x00000012   Code   RO          620    i.USBD_LL_PrepareReceive  usbd_conf.o
    0x08003ed2   0x00000050   Code   RO         3752    i.USBD_LL_Reset     usbd_core.o
    0x08003f22   0x00000014   Code   RO         3753    i.USBD_LL_Resume    usbd_core.o
    0x08003f36   0x00000018   Code   RO         3754    i.USBD_LL_SOF       usbd_core.o
    0x08003f4e   0x00000006   Code   RO         3755    i.USBD_LL_SetSpeed  usbd_core.o
    0x08003f54   0x00000012   Code   RO          621    i.USBD_LL_SetUSBAddress  usbd_conf.o
    0x08003f66   0x0000005a   Code   RO         3756    i.USBD_LL_SetupStage  usbd_core.o
    0x08003fc0   0x00000012   Code   RO          622    i.USBD_LL_StallEP   usbd_conf.o
    0x08003fd2   0x00000012   Code   RO          623    i.USBD_LL_Start     usbd_conf.o
    0x08003fe4   0x00000012   Code   RO         3757    i.USBD_LL_Suspend   usbd_core.o
    0x08003ff6   0x00000012   Code   RO          625    i.USBD_LL_Transmit  usbd_conf.o
    0x08004008   0x00000028   Code   RO         3884    i.USBD_ParseSetupRequest  usbd_ctlreq.o
    0x08004030   0x00000010   Code   RO         3758    i.USBD_RegisterClass  usbd_core.o
    0x08004040   0x00000016   Code   RO         3760    i.USBD_SetClassConfig  usbd_core.o
    0x08004056   0x00000002   PAD
    0x08004058   0x00000084   Code   RO         3885    i.USBD_SetConfig    usbd_ctlreq.o
    0x080040dc   0x0000000a   Code   RO         3761    i.USBD_Start        usbd_core.o
    0x080040e6   0x00000112   Code   RO         3886    i.USBD_StdDevReq    usbd_ctlreq.o
    0x080041f8   0x00000150   Code   RO         3887    i.USBD_StdEPReq     usbd_ctlreq.o
    0x08004348   0x0000004e   Code   RO         3888    i.USBD_StdItfReq    usbd_ctlreq.o
    0x08004396   0x00000002   Code   RO          626    i.USBD_static_free  usbd_conf.o
    0x08004398   0x00000008   Code   RO          627    i.USBD_static_malloc  usbd_conf.o
    0x080043a0   0x00000080   Code   RO         1109    i.USB_ActivateEndpoint  stm32f1xx_ll_usb.o
    0x08004420   0x0000001c   Code   RO         1111    i.USB_ActivateSetup  stm32f1xx_ll_usb.o
    0x0800443c   0x00000050   Code   RO         1113    i.USB_CoreInit      stm32f1xx_ll_usb.o
    0x0800448c   0x000000cc   Code   RO         1116    i.USB_DeactivateEndpoint  stm32f1xx_ll_usb.o
    0x08004558   0x0000001c   Code   RO         1117    i.USB_DevConnect    stm32f1xx_ll_usb.o
    0x08004574   0x0000001c   Code   RO         1118    i.USB_DevDisconnect  stm32f1xx_ll_usb.o
    0x08004590   0x00000120   Code   RO         1119    i.USB_DevInit       stm32f1xx_ll_usb.o
    0x080046b0   0x0000000c   Code   RO         1120    i.USB_DisableGlobalInt  stm32f1xx_ll_usb.o
    0x080046bc   0x00000044   Code   RO         1123    i.USB_EP0_OutStart  stm32f1xx_ll_usb.o
    0x08004700   0x00000058   Code   RO         1124    i.USB_EPClearStall  stm32f1xx_ll_usb.o
    0x08004758   0x00000058   Code   RO         1125    i.USB_EPSetStall    stm32f1xx_ll_usb.o
    0x080047b0   0x000001dc   Code   RO         1126    i.USB_EPStartXfer   stm32f1xx_ll_usb.o
    0x0800498c   0x0000009e   Code   RO         1127    i.USB_EPStopXfer    stm32f1xx_ll_usb.o
    0x08004a2a   0x0000000c   Code   RO         1128    i.USB_EnableGlobalInt  stm32f1xx_ll_usb.o
    0x08004a36   0x00000002   PAD
    0x08004a38   0x0000003c   Code   RO         1129    i.USB_FlushRxFifo   stm32f1xx_ll_usb.o
    0x08004a74   0x00000040   Code   RO         1130    i.USB_FlushTxFifo   stm32f1xx_ll_usb.o
    0x08004ab4   0x00000018   Code   RO         1132    i.USB_GetDevSpeed   stm32f1xx_ll_usb.o
    0x08004acc   0x00000008   Code   RO         1134    i.USB_GetMode       stm32f1xx_ll_usb.o
    0x08004ad4   0x0000000e   Code   RO         1142    i.USB_ReadDevAllInEpInterrupt  stm32f1xx_ll_usb.o
    0x08004ae2   0x0000000e   Code   RO         1143    i.USB_ReadDevAllOutEpInterrupt  stm32f1xx_ll_usb.o
    0x08004af0   0x00000024   Code   RO         1144    i.USB_ReadDevInEPInterrupt  stm32f1xx_ll_usb.o
    0x08004b14   0x00000010   Code   RO         1145    i.USB_ReadDevOutEPInterrupt  stm32f1xx_ll_usb.o
    0x08004b24   0x00000008   Code   RO         1146    i.USB_ReadInterrupts  stm32f1xx_ll_usb.o
    0x08004b2c   0x0000003e   Code   RO         1147    i.USB_ReadPacket    stm32f1xx_ll_usb.o
    0x08004b6a   0x0000005c   Code   RO         1149    i.USB_SetCurrentMode  stm32f1xx_ll_usb.o
    0x08004bc6   0x00000022   Code   RO         1150    i.USB_SetDevAddress  stm32f1xx_ll_usb.o
    0x08004be8   0x000000e8   Code   RO         1152    i.USB_SetTurnaroundTime  stm32f1xx_ll_usb.o
    0x08004cd0   0x00000024   Code   RO         1155    i.USB_WritePacket   stm32f1xx_ll_usb.o
    0x08004cf4   0x00000002   Code   RO          269    i.UsageFault_Handler  stm32f1xx_it.o
    0x08004cf6   0x00000020   Code   RO         1923    i.__NVIC_SetPriority  stm32f1xx_hal_cortex.o
    0x08004d16   0x00000002   PAD
    0x08004d18   0x000002cc   Code   RO           23    i.main              main.o
    0x08004fe4   0x00000094   Code   RO         4171    i.round             m_ws.l(round.o)
    0x08005078   0x0000002c   Code   RO         4248    locale$$code        c_w.l(lc_ctype_c.o)
    0x080050a4   0x00000062   Code   RO         4129    x$fpl$d2f           fz_ws.l(d2f.o)
    0x08005106   0x00000002   PAD
    0x08005108   0x00000150   Code   RO         4187    x$fpl$dadd          fz_ws.l(daddsub_clz.o)
    0x08005258   0x00000010   Code   RO         4193    x$fpl$dcheck1       fz_ws.l(dcheck1.o)
    0x08005268   0x00000018   Code   RO         4234    x$fpl$dcmpinf       fz_ws.l(dcmpi.o)
    0x08005280   0x000002b0   Code   RO         4132    x$fpl$ddiv          fz_ws.l(ddiv.o)
    0x08005530   0x0000005a   Code   RO         4135    x$fpl$dfixu         fz_ws.l(dfixu.o)
    0x0800558a   0x00000026   Code   RO         4139    x$fpl$dfltu         fz_ws.l(dflt_clz.o)
    0x080055b0   0x00000078   Code   RO         4195    x$fpl$dleqf         fz_ws.l(dleqf.o)
    0x08005628   0x00000154   Code   RO         4145    x$fpl$dmul          fz_ws.l(dmul.o)
    0x0800577c   0x0000009c   Code   RO         4197    x$fpl$dnaninf       fz_ws.l(dnaninf.o)
    0x08005818   0x0000000c   Code   RO         4199    x$fpl$dretinf       fz_ws.l(dretinf.o)
    0x08005824   0x0000006c   Code   RO         4201    x$fpl$drleqf        fz_ws.l(drleqf.o)
    0x08005890   0x000000b4   Code   RO         4203    x$fpl$drnd          fz_ws.l(drnd.o)
    0x08005944   0x00000016   Code   RO         4188    x$fpl$drsb          fz_ws.l(daddsub_clz.o)
    0x0800595a   0x00000002   PAD
    0x0800595c   0x000001d4   Code   RO         4189    x$fpl$dsub          fz_ws.l(daddsub_clz.o)
    0x08005b30   0x00000056   Code   RO         4147    x$fpl$f2d           fz_ws.l(f2d.o)
    0x08005b86   0x00000002   PAD
    0x08005b88   0x000000c4   Code   RO         4149    x$fpl$fadd          fz_ws.l(faddsub_clz.o)
    0x08005c4c   0x00000184   Code   RO         4156    x$fpl$fdiv          fz_ws.l(fdiv.o)
    0x08005dd0   0x0000003e   Code   RO         4159    x$fpl$ffixu         fz_ws.l(ffixu.o)
    0x08005e0e   0x00000002   PAD
    0x08005e10   0x00000026   Code   RO         4163    x$fpl$ffltu         fz_ws.l(fflt_clz.o)
    0x08005e36   0x0000008c   Code   RO         4205    x$fpl$fnaninf       fz_ws.l(fnaninf.o)
    0x08005ec2   0x0000000a   Code   RO         4207    x$fpl$fretinf       fz_ws.l(fretinf.o)
    0x08005ecc   0x000000ea   Code   RO         4151    x$fpl$fsub          fz_ws.l(faddsub_clz.o)
    0x08005fb6   0x00000064   Code   RO         4236    x$fpl$retnan        fz_ws.l(retnan.o)
    0x0800601a   0x0000005c   Code   RO         4169    x$fpl$scalbn        fz_ws.l(scalbn.o)
    0x08006076   0x00000030   Code   RO         4262    x$fpl$trapveneer    fz_ws.l(trapv.o)
    0x080060a6   0x00000000   Code   RO         4209    x$fpl$usenofp       fz_ws.l(usenofp.o)
    0x080060a6   0x0000001e   Data   RO         1597    .constdata          stm32f1xx_hal_rcc.o
    0x080060c4   0x00000010   Data   RO         3707    .constdata          system_stm32f1xx.o
    0x080060d4   0x00000020   Data   RO         4390    Region$$Table       anon$$obj.o
    0x080060f4   0x00000110   Data   RO         4247    locale$$data        c_w.l(lc_ctype_c.o)


    Execution Region RW_IRAM1 (Base: 0x20000000, Size: 0x00002648, Max: 0x00010000, ABSOLUTE, COMPRESSED[0x000000d0])

    Base Addr    Size         Type   Attr      Idx    E Section Name        Object

    0x20000000   0x00000075   Data   RW           26    .data               main.o
    0x20000075   0x00000001   Data   RW           28    .data               main.o
    0x20000076   0x00000002   PAD
    0x20000078   0x00000004   Data   RW           29    .data               main.o
    0x2000007c   0x00000004   Data   RW           30    .data               main.o
    0x20000080   0x00000004   Data   RW           31    .data               main.o
    0x20000084   0x00000008   Data   RW           32    .data               main.o
    0x2000008c   0x00000002   Data   RW           33    .data               main.o
    0x2000008e   0x00000002   Data   RW           34    .data               main.o
    0x20000090   0x00000004   Data   RW           35    .data               main.o
    0x20000094   0x00000004   Data   RW           39    .data               main.o
    0x20000098   0x00000004   Data   RW           40    .data               main.o
    0x2000009c   0x0000002c   Data   RW          270    .data               stm32f1xx_it.o
    0x200000c8   0x00000004   Data   RW          272    .data               stm32f1xx_it.o
    0x200000cc   0x0000001c   Data   RW          468    .data               usbd_desc.o
    0x200000e8   0x00000032   Data   RW          469    .data               usbd_desc.o
    0x2000011a   0x00000002   PAD
    0x2000011c   0x00000010   Data   RW          551    .data               usbd_cdc_if.o
    0x2000012c   0x0000000c   Data   RW         1434    .data               stm32f1xx_hal.o
    0x20000138   0x00000004   Data   RW         3709    .data               system_stm32f1xx.o
    0x2000013c   0x00000001   Data   RW         3889    .data               usbd_ctlreq.o
    0x2000013d   0x00000003   PAD
    0x20000140   0x000000d7   Data   RW         4021    .data               usbd_cdc.o
    0x20000217   0x00000001   PAD
    0x20000218   0x00000038   Data   RW         4022    .data               usbd_cdc.o
    0x20000250   0x000001e0   Zero   RW           24    .bss                main.o
    0x20000430   0x000007d0   Zero   RW           25    .bss                main.o
    0x20000c00   0x000002c4   Zero   RW          426    .bss                usb_device.o
    0x20000ec4   0x00000200   Zero   RW          467    .bss                usbd_desc.o
    0x200010c4   0x00000800   Zero   RW          550    .bss                usbd_cdc_if.o
    0x200018c4   0x00000724   Zero   RW          628    .bss                usbd_conf.o
    0x20001fe8   0x00000060   Zero   RW         4211    .bss                c_w.l(libspace.o)
    0x20002048   0x00000200   Zero   RW            2    HEAP                startup_stm32f105xc.o
    0x20002248   0x00000400   Zero   RW            1    STACK               startup_stm32f105xc.o


==============================================================================

Image component sizes


      Code (inc. data)   RO Data    RW Data    ZI Data      Debug   Object Name

      2152        156          0        154       2480     624881   main.o
        64         26        336          0       1536        800   startup_stm32f105xc.o
       164         28          0         12          0       6905   stm32f1xx_hal.o
       198         14          0          0          0      28875   stm32f1xx_hal_cortex.o
       304          8          0          0          0       1143   stm32f1xx_hal_dma.o
       516         34          0          0          0       4072   stm32f1xx_hal_gpio.o
       404         46          0          0          0       2359   stm32f1xx_hal_msp.o
      2314          8          0          0          0      12156   stm32f1xx_hal_pcd.o
        76          0          0          0          0       1760   stm32f1xx_hal_pcd_ex.o
      1448         66         30          0          0       4674   stm32f1xx_hal_rcc.o
       392         18          0          0          0       1536   stm32f1xx_hal_rcc_ex.o
      1564          8          0          0          0       8656   stm32f1xx_hal_spi.o
      1056         36          0          0          0      10688   stm32f1xx_hal_tim.o
       120         18          0          0          0       2361   stm32f1xx_hal_tim_ex.o
      1612        224          0         48          0      10627   stm32f1xx_it.o
      2386        124          0          0          0      20565   stm32f1xx_ll_usb.o
         2          0         16          4          0       1083   system_stm32f1xx.o
        84         18          0          0        708        772   usb_device.o
       730         16          0        271          0      12866   usbd_cdc.o
       160         32          0         16       2048       3687   usbd_cdc_if.o
       554         18          0          0       1828      15518   usbd_conf.o
       704          0          0          0          0      11593   usbd_core.o
      1186         28          0          1          0       7832   usbd_ctlreq.o
       284        100          0         78        512       5821   usbd_desc.o
       132          0          0          0          0       4252   usbd_ioreq.o

    ----------------------------------------------------------------------
     18642       1026        414        592       9112     805482   Object Totals
         0          0         32          0          0          0   (incl. Generated)
        36          0          0          8          0          0   (incl. Padding)

    ----------------------------------------------------------------------

      Code (inc. data)   RO Data    RW Data    ZI Data      Debug   Library Member Name

        90          0          0          0          0          0   __dczerorl2.o
         8          0          0          0          0         68   __main.o
         0          0          0          0          0          0   __rtentry.o
        12          0          0          0          0          0   __rtentry2.o
         6          0          0          0          0          0   __rtentry4.o
        52          8          0          0          0          0   __scatter.o
        28          0          0          0          0          0   __scatter_zi.o
        28          0          0          0          0         68   _chval.o
       158          0          0          0          0         92   _strtoul.o
        26          0          0          0          0         80   atoi.o
        18          0          0          0          0         80   exit.o
         6          0          0          0          0        152   heapauxi.o
         0          0          0          0          0          0   indicate_semi.o
        44         10        272          0          0         76   lc_ctype_c.o
         2          0          0          0          0          0   libinit.o
        20          0          0          0          0          0   libinit2.o
         2          0          0          0          0          0   libshutdown.o
         2          0          0          0          0          0   libshutdown2.o
         8          4          0          0         96         68   libspace.o
       238          0          0          0          0        100   lludivv7m.o
        16          4          0          0          0         76   rt_ctype_table.o
         8          4          0          0          0         68   rt_errno_addr_intlibspace.o
         8          4          0          0          0         68   rt_locale_intlibspace.o
        68          0          0          0          0         68   rt_memclr.o
        78          0          0          0          0         80   rt_memclr_w.o
       100          0          0          0          0         80   rt_memcpy_w.o
         2          0          0          0          0          0   rtexit.o
        10          0          0          0          0          0   rtexit2.o
       128          0          0          0          0         68   strcmpv7m.o
        62          0          0          0          0         76   strlen.o
        86          0          0          0          0         76   strncpy.o
       112          0          0          0          0         88   strtol.o
        12          4          0          0          0         68   sys_exit.o
        74          0          0          0          0         80   sys_stackheap_outer.o
         2          0          0          0          0         68   use_no_semi.o
        98          4          0          0          0         92   d2f.o
       826         16          0          0          0        348   daddsub_clz.o
        16          4          0          0          0         68   dcheck1.o
        24          0          0          0          0         68   dcmpi.o
       688        140          0          0          0        208   ddiv.o
        90          4          0          0          0         92   dfixu.o
        38          0          0          0          0         68   dflt_clz.o
       120          4          0          0          0         92   dleqf.o
       340         12          0          0          0        104   dmul.o
       156          4          0          0          0         92   dnaninf.o
        12          0          0          0          0         68   dretinf.o
       108          0          0          0          0         80   drleqf.o
       180          4          0          0          0         80   drnd.o
        86          4          0          0          0         84   f2d.o
       430          8          0          0          0        168   faddsub_clz.o
       388         76          0          0          0         96   fdiv.o
        62          4          0          0          0         84   ffixu.o
        38          0          0          0          0         68   fflt_clz.o
       140          4          0          0          0         84   fnaninf.o
        10          0          0          0          0         68   fretinf.o
       100          0          0          0          0         68   retnan.o
        92          0          0          0          0         68   scalbn.o
        48          0          0          0          0         68   trapv.o
         0          0          0          0          0          0   usenofp.o
       148         12          0          0          0         88   round.o

    ----------------------------------------------------------------------
      5764        338        272          0         96       4152   Library Totals
        12          0          0          0          0          0   (incl. Padding)

    ----------------------------------------------------------------------

      Code (inc. data)   RO Data    RW Data    ZI Data      Debug   Library Name

      1514         38        272          0         96       1748   c_w.l
      4090        288          0          0          0       2316   fz_ws.l
       148         12          0          0          0         88   m_ws.l

    ----------------------------------------------------------------------
      5764        338        272          0         96       4152   Library Totals

    ----------------------------------------------------------------------

==============================================================================


      Code (inc. data)   RO Data    RW Data    ZI Data      Debug   

     24406       1364        686        592       9208     796838   Grand Totals
     24406       1364        686        208       9208     796838   ELF Image Totals (compressed)
     24406       1364        686        208          0          0   ROM Totals

==============================================================================

    Total RO  Size (Code + RO Data)                25092 (  24.50kB)
    Total RW  Size (RW Data + ZI Data)              9800 (   9.57kB)
    Total ROM Size (Code + RO Data + RW Data)      25300 (  24.71kB)

==============================================================================

